ARM Linker, 5.03 [Build 76] [MDK-ARM Professional]

==============================================================================

Section Cross References

    startup_lpc17xx.o(STACK) refers (Special) to heapauxi.o(.text) for __use_two_region_memory
    startup_lpc17xx.o(HEAP) refers (Special) to heapauxi.o(.text) for __use_two_region_memory
    startup_lpc17xx.o(RESET) refers (Special) to heapauxi.o(.text) for __use_two_region_memory
    startup_lpc17xx.o(RESET) refers to startup_lpc17xx.o(STACK) for __initial_sp
    startup_lpc17xx.o(RESET) refers to startup_lpc17xx.o(.text) for Reset_Handler
    startup_lpc17xx.o(RESET) refers to measure.o(.text) for SysTick_Handler
    startup_lpc17xx.o(RESET) refers to usbh_ohci_lpc17xx.o(.text) for USB_IRQHandler
    startup_lpc17xx.o(.ARM.__at_0x02FC) refers (Special) to heapauxi.o(.text) for __use_two_region_memory
    startup_lpc17xx.o(.text) refers (Special) to heapauxi.o(.text) for __use_two_region_memory
    startup_lpc17xx.o(.text) refers to system_lpc17xx.o(.text) for SystemInit
    startup_lpc17xx.o(.text) refers to __main.o(!!!main) for __main
    startup_lpc17xx.o(.text) refers to startup_lpc17xx.o(HEAP) for Heap_Mem
    startup_lpc17xx.o(.text) refers to startup_lpc17xx.o(STACK) for Stack_Mem
    system_lpc17xx.o(.text) refers to lludivv7m.o(.text) for __aeabi_uldivmod
    system_lpc17xx.o(.text) refers to system_lpc17xx.o(.data) for .data
    usb_config.o(.data) refers to usbh_ohci.o(.data) for usbh0_hcd_ohci
    usb_config.o(.data) refers to usbh_ohci_lpc17xx.o(.data) for usbh0_hwd_ohci
    usb_config.o(.data) refers to usbh_hid.o(.data) for usbh_dcd_hid
    usb_config.o(.data) refers to usb_config.o(.bss) for usbh_dci_hid
    retarget.o(.text) refers to glcd_spi_lpc1700.o(.text) for GLCD_DisplayChar
    retarget.o(.text) refers to usbh_hid.o(i.usbh_hid_kbd_getkey) for usbh_hid_kbd_getkey
    retarget.o(.text) refers to retarget.o(.data) for .data
    measure.o(.text) refers to _printf_percent.o(.ARM.Collect$$_printf_percent$$00000000) for _printf_percent
    measure.o(.text) refers to _printf_c.o(.ARM.Collect$$_printf_percent$$00000013) for _printf_c
    measure.o(.text) refers to _printf_str.o(.text) for _printf_str
    measure.o(.text) refers to _printf_s.o(.ARM.Collect$$_printf_percent$$00000014) for _printf_s
    measure.o(.text) refers to uart.o(.text) for UART0_Init
    measure.o(.text) refers to hx8352.o(.text) for LCD_Init
    measure.o(.text) refers to usbh_core.o(i.usbh_init) for usbh_init
    measure.o(.text) refers to usbh_core.o(i.usbh_engine) for usbh_engine
    measure.o(.text) refers to usbh_hid.o(i.usbh_hid_status) for usbh_hid_status
    measure.o(.text) refers to rand.o(.emb_text) for rand
    measure.o(.text) refers to usbh_hid.o(i.usbh_hid_data_out) for usbh_hid_data_out
    measure.o(.text) refers to retarget.o(.text) for getkey
    measure.o(.text) refers to __2sprintf.o(.text) for __2sprintf
    measure.o(.text) refers to measure.o(.data) for .data
    measure.o(.text) refers to measure.o(.constdata) for .constdata
    measure.o(.text) refers to system_lpc17xx.o(.data) for SystemCoreClock
    measure.o(.text) refers to measure.o(.bss) for .bss
    mcommand.o(.text) refers to _printf_pad.o(.text) for _printf_pre_padding
    mcommand.o(.text) refers to _printf_percent.o(.ARM.Collect$$_printf_percent$$00000000) for _printf_percent
    mcommand.o(.text) refers to _printf_d.o(.ARM.Collect$$_printf_percent$$00000009) for _printf_d
    mcommand.o(.text) refers to _printf_dec.o(.text) for _printf_int_dec
    mcommand.o(.text) refers to _printf_f.o(.ARM.Collect$$_printf_percent$$00000003) for _printf_f
    mcommand.o(.text) refers to printf1.o(x$fpl$printf1) for _printf_fp_dec
    mcommand.o(.text) refers to _scanf_int.o(.text) for _scanf_int
    mcommand.o(.text) refers to __2printf.o(.text) for __2printf
    mcommand.o(.text) refers to dflt_clz.o(x$fpl$dfltu) for __aeabi_ui2d
    mcommand.o(.text) refers to dmul.o(x$fpl$dmul) for __aeabi_dmul
    mcommand.o(.text) refers to scalbn.o(x$fpl$scalbn) for __ARM_scalbn
    mcommand.o(.text) refers to __0sscanf.o(.text) for __0sscanf
    mcommand.o(.text) refers to c89printf.o(.text) for __c89printf
    mcommand.o(.text) refers to measure.o(.data) for current
    mcommand.o(.text) refers to measure.o(.data) for ERR
    getline.o(.text) refers to retarget.o(.text) for getkey
    getline.o(.text) refers to getline.o(.data) for .data
    usbh_ohci_lpc17xx.o(.text) refers to usbh_core.o(i.usbh_mem_init) for usbh_mem_init
    usbh_ohci_lpc17xx.o(.text) refers to usbh_ohci.o(i.USBH_OHCI_IRQHandler) for USBH_OHCI_IRQHandler
    usbh_ohci_lpc17xx.o(.text) refers to usbh_ohci_lpc17xx.o(.ARM.__AT_0x20080140) for .ARM.__AT_0x20080140
    usbh_ohci_lpc17xx.o(.data) refers to usbh_ohci_lpc17xx.o(.ARM.__AT_0x20080000) for usbh_ohci_hcca
    usbh_ohci_lpc17xx.o(.data) refers to usbh_ohci_lpc17xx.o(.ARM.__AT_0x20080100) for usbh_ohci_ed
[...]
    ../clib/signal.c                         0x00000000   Number         0  defsig_cppl_inner.o ABSOLUTE
    ../clib/signal.c                         0x00000000   Number         0  defsig_rtred_inner.o ABSOLUTE
    ../clib/signal.s                         0x00000000   Number         0  defsig.o ABSOLUTE
    ../clib/stdlib.c                         0x00000000   Number         0  exit.o ABSOLUTE
    ../clib/stdlib.c                         0x00000000   Number         0  rand.o ABSOLUTE
    ../clib/stdlib.c                         0x00000000   Number         0  rand.o ABSOLUTE
    ../clib/string.c                         0x00000000   Number         0  memcmp.o ABSOLUTE
    ../fplib/dcheck1.s                       0x00000000   Number         0  dcheck1.o ABSOLUTE
    ../fplib/dflt.s                          0x00000000   Number         0  dflt_clz.o ABSOLUTE
    ../fplib/dmul.s                          0x00000000   Number         0  dmul.o ABSOLUTE
    ../fplib/dnaninf.s                       0x00000000   Number         0  dnaninf.o ABSOLUTE
    ../fplib/dretinf.s                       0x00000000   Number         0  dretinf.o ABSOLUTE
    ../fplib/fpinit.s                        0x00000000   Number         0  fpinit.o ABSOLUTE
    ../fplib/istatus.s                       0x00000000   Number         0  istatus.o ABSOLUTE
    ../fplib/printf1.s                       0x00000000   Number         0  printf1.o ABSOLUTE
    ../fplib/retnan.s                        0x00000000   Number         0  retnan.o ABSOLUTE
    ../fplib/scalbn.s                        0x00000000   Number         0  scalbn.o ABSOLUTE
    ../fplib/trapv.s                         0x00000000   Number         0  trapv.o ABSOLUTE
    ../fplib/usenofp.s                       0x00000000   Number         0  usenofp.o ABSOLUTE
    ../mathlib/fpclassify.c                  0x00000000   Number         0  fpclassify.o ABSOLUTE
    GLCD_SPI_LPC1700.c                       0x00000000   Number         0  glcd_spi_lpc1700.o ABSOLUTE
    GLCD_SPI_LPC1700.c                       0x00000000   Number         0  glcd_spi_lpc1700.o ABSOLUTE
    Getline.c                                0x00000000   Number         0  getline.o ABSOLUTE
    HX8352.c                                 0x00000000   Number         0  hx8352.o ABSOLUTE
    HX8352.c                                 0x00000000   Number         0  hx8352.o ABSOLUTE
    Mcommand.c                               0x00000000   Number         0  mcommand.o ABSOLUTE
    Mcommand.c                               0x00000000   Number         0  mcommand.o ABSOLUTE
    Measure.c                                0x00000000   Number         0  measure.o ABSOLUTE
    Measure.c                                0x00000000   Number         0  measure.o ABSOLUTE
    RL_ARM.s                                 0x00000000   Number         0  usbh_ohci.o ABSOLUTE
    RL_ARM.s                                 0x00000000   Number         0  usbh_core.o ABSOLUTE
    RL_ARM.s                                 0x00000000   Number         0  usbh_mem.o ABSOLUTE
    RL_ARM.s                                 0x00000000   Number         0  usbh_hid.o ABSOLUTE
    RL_ARM.s                                 0x00000000   Number         0  usbh_hid_idtoascii.o ABSOLUTE
    Retarget.c                               0x00000000   Number         0  retarget.o ABSOLUTE
    SRC\\usbh_core.c                         0x00000000   Number         0  usbh_core.o ABSOLUTE
    SRC\usbh_core.c                          0x00000000   Number         0  usbh_core.o ABSOLUTE
    SRC\usbh_hid.c                           0x00000000   Number         0  usbh_hid.o ABSOLUTE
    SRC\usbh_hid_idtoascii.c                 0x00000000   Number         0  usbh_hid_idtoascii.o ABSOLUTE
    SRC\usbh_mem.c                           0x00000000   Number         0  usbh_mem.o ABSOLUTE
    SRC\usbh_ohci.c                          0x00000000   Number         0  usbh_ohci.o ABSOLUTE
    dc.s                                     0x00000000   Number         0  dc.o ABSOLUTE
    startup_LPC17xx.s                        0x00000000   Number         0  startup_lpc17xx.o ABSOLUTE
    system_LPC17xx.c                         0x00000000   Number         0  system_lpc17xx.o ABSOLUTE
    system_LPC17xx.c                         0x00000000   Number         0  system_lpc17xx.o ABSOLUTE
    uart.c                                   0x00000000   Number         0  uart.o ABSOLUTE
    uart.c                                   0x00000000   Number         0  uart.o ABSOLUTE
    usb_config.c                             0x00000000   Number         0  usb_config.o ABSOLUTE
    usbh_ohci_lpc17xx.c                      0x00000000   Number         0  usbh_ohci_lpc17xx.o ABSOLUTE
    usbh_ohci_lpc17xx.c                      0x00000000   Number         0  usbh_ohci_lpc17xx.o ABSOLUTE
    !!!main                                  0x000000cc   Section        8  __main.o(!!!main)
    !!!scatter                               0x000000d4   Section       52  __scatter.o(!!!scatter)
    !!handler_copy                           0x00000108   Section       26  __scatter_copy.o(!!handler_copy)
    !!handler_zi                             0x00000124   Section       28  __scatter_zi.o(!!handler_zi)
    .ARM.Collect$$_printf_percent$$00000000  0x00000140   Section        0  _printf_percent.o(.ARM.Collect$$_printf_percent$$00000000)
    .ARM.Collect$$_printf_percent$$00000013  0x00000140   Section        6  _printf_c.o(.ARM.Collect$$_printf_percent$$00000013)
    .ARM.Collect$$_printf_percent$$00000014  0x00000146   Section        6  _printf_s.o(.ARM.Collect$$_printf_percent$$00000014)
    .ARM.Collect$$_printf_percent$$00000017  0x0000014c   Section        4  _printf_percent_end.o(.ARM.Collect$$_printf_percent$$00000017)
    .ARM.Collect$$libinit$$00000000          0x00000150   Section        2  libinit.o(.ARM.Collect$$libinit$$00000000)
    .ARM.Collect$$libinit$$00000002          0x00000152   Section        0  libinit2.o(.ARM.Collect$$libinit$$00000002)
    .ARM.Collect$$libinit$$00000008          0x00000152   Section        0  libinit2.o(.ARM.Collect$$libinit$$00000008)
    .ARM.Collect$$libinit$$0000000A          0x00000152   Section        0  libinit2.o(.ARM.Collect$$libinit$$0000000A)
    .ARM.Collect$$libinit$$0000000B          0x00000152   Section        4  libinit2.o(.ARM.Collect$$libinit$$0000000B)
    .ARM.Collect$$libinit$$0000000C          0x00000156   Section        0  libinit2.o(.ARM.Collect$$libinit$$0000000C)
    .ARM.Collect$$libinit$$0000000F          0x00000156   Section        0  libinit2.o(.ARM.Collect$$libinit$$0000000F)
    .ARM.Collect$$libinit$$00000011          0x00000156   Section        0  libinit2.o(.ARM.Collect$$libinit$$00000011)
    .ARM.Collect$$libinit$$00000013          0x00000156   Section        0  libinit2.o(.ARM.Collect$$libinit$$00000013)
    .ARM.Collect$$libinit$$00000015          0x00000156   Section        0  libinit2.o(.ARM.Collect$$libinit$$00000015)
    .ARM.Collect$$libinit$$00000017          0x00000156   Section        0  libinit2.o(.ARM.Collect$$libinit$$00000017)
    .ARM.Collect$$libinit$$00000019          0x00000156   Section        0  libinit2.o(.ARM.Collect$$libinit$$00000019)
    .ARM.Collect$$libinit$$0000001B          0x00000156   Section        0  libinit2.o(.ARM.Collect$$libinit$$0000001B)
    .ARM.Collect$$libinit$$0000001D          0x00000156   Section        0  libinit2.o(.ARM.Collect$$libinit$$0000001D)
    .ARM.Collect$$libinit$$0000001F          0x00000156   Section        0  libinit2.o(.ARM.Collect$$libinit$$0000001F)
    .ARM.Collect$$libinit$$00000021          0x00000156   Section        0  libinit2.o(.ARM.Collect$$libinit$$00000021)
    .ARM.Collect$$libinit$$00000023          0x00000156   Section        0  libinit2.o(.ARM.Collect$$libinit$$00000023)
    .ARM.Collect$$libinit$$0000002A          0x00000156   Section        0  libinit2.o(.ARM.Collect$$libinit$$0000002A)
    .ARM.Collect$$libinit$$0000002C          0x00000156   Section        0  libinit2.o(.ARM.Collect$$libinit$$0000002C)
    .ARM.Collect$$libinit$$0000002E          0x00000156   Section        0  libinit2.o(.ARM.Collect$$libinit$$0000002E)
    .ARM.Collect$$libinit$$00000030          0x00000156   Section        0  libinit2.o(.ARM.Collect$$libinit$$00000030)
    .ARM.Collect$$libinit$$00000031          0x00000156   Section        2  libinit2.o(.ARM.Collect$$libinit$$00000031)
    .ARM.Collect$$libshutdown$$00000000      0x00000158   Section        2  libshutdown.o(.ARM.Collect$$libshutdown$$00000000)
    .ARM.Collect$$libshutdown$$00000003      0x0000015a   Section        0  libshutdown2.o(.ARM.Collect$$libshutdown$$00000003)
    .ARM.Collect$$libshutdown$$00000006      0x0000015a   Section        0  libshutdown2.o(.ARM.Collect$$libshutdown$$00000006)
    .ARM.Collect$$libshutdown$$00000009      0x0000015a   Section        0  libshutdown2.o(.ARM.Collect$$libshutdown$$00000009)
    .ARM.Collect$$libshutdown$$0000000B      0x0000015a   Section        0  libshutdown2.o(.ARM.Collect$$libshutdown$$0000000B)
    .ARM.Collect$$libshutdown$$0000000E      0x0000015a   Section        0  libshutdown2.o(.ARM.Collect$$libshutdown$$0000000E)
    .ARM.Collect$$libshutdown$$0000000F      0x0000015a   Section        2  libshutdown2.o(.ARM.Collect$$libshutdown$$0000000F)
    .ARM.Collect$$rtentry$$00000000          0x0000015c   Section        0  rtentry.o(.ARM.Collect$$rtentry$$00000000)
    .ARM.Collect$$rtentry$$00000002          0x0000015c   Section        0  rtentry2.o(.ARM.Collect$$rtentry$$00000002)
    .ARM.Collect$$rtentry$$00000004          0x0000015c   Section        6  rtentry4.o(.ARM.Collect$$rtentry$$00000004)
    .ARM.Collect$$rtentry$$00000009          0x00000162   Section        0  rtentry2.o(.ARM.Collect$$rtentry$$00000009)
    .ARM.Collect$$rtentry$$0000000A          0x00000162   Section        4  rtentry2.o(.ARM.Collect$$rtentry$$0000000A)
    .ARM.Collect$$rtentry$$0000000C          0x00000166   Section        0  rtentry2.o(.ARM.Collect$$rtentry$$0000000C)
    .ARM.Collect$$rtentry$$0000000D          0x00000166   Section        8  rtentry2.o(.ARM.Collect$$rtentry$$0000000D)
    .ARM.Collect$$rtexit$$00000000           0x0000016e   Section        2  rtexit.o(.ARM.Collect$$rtexit$$00000000)
    .ARM.Collect$$rtexit$$00000002           0x00000170   Section        0  rtexit2.o(.ARM.Collect$$rtexit$$00000002)
    .ARM.Collect$$rtexit$$00000003           0x00000170   Section        4  rtexit2.o(.ARM.Collect$$rtexit$$00000003)
    .ARM.Collect$$rtexit$$00000004           0x00000174   Section        6  rtexit2.o(.ARM.Collect$$rtexit$$00000004)
    .emb_text                                0x0000017c   Section        4  hx8352.o(.emb_text)
    .emb_text                                0x00000180   Section       52  rand.o(.emb_text)
    .text                                    0x000001b4   Section       64  startup_lpc17xx.o(.text)
    .text                                    0x000001f4   Section        0  retarget.o(.text)
    .text                                    0x00000270   Section        0  __2sprintf.o(.text)
    .text                                    0x0000029c   Section        0  _printf_str.o(.text)
    .text                                    0x000002ee   Section        0  heapauxi.o(.text)
    .text                                    0x000002f4   Section        8  libspace.o(.text)
    .ARM.__at_0x02FC                         0x000002fc   Section        4  startup_lpc17xx.o(.ARM.__at_0x02FC)
    .text                                    0x00000300   Section        0  system_lpc17xx.o(.text)
    .text                                    0x000004a4   Section        0  measure.o(.text)
    save_current_measurements                0x000006fd   Thumb Code    52  measure.o(.text)
    .text                                    0x00000794   Section        0  usbh_ohci_lpc17xx.o(.text)
    .text                                    0x000008e0   Section        0  glcd_spi_lpc1700.o(.text)
    spi_tran_man                             0x000008e1   Thumb Code   106  glcd_spi_lpc1700.o(.text)
    delay                                    0x0000127d   Thumb Code     8  glcd_spi_lpc1700.o(.text)
    spi_tran                                 0x00001285   Thumb Code    16  glcd_spi_lpc1700.o(.text)
    wr_cmd                                   0x00001295   Thumb Code    32  glcd_spi_lpc1700.o(.text)
    wr_dat                                   0x000012b5   Thumb Code    32  glcd_spi_lpc1700.o(.text)
    wr_dat_start                             0x000012d5   Thumb Code    10  glcd_spi_lpc1700.o(.text)
    wr_dat_only                              0x000012df   Thumb Code    38  glcd_spi_lpc1700.o(.text)
    wr_reg                                   0x00001305   Thumb Code    16  glcd_spi_lpc1700.o(.text)
    rd_id_man                                0x00001315   Thumb Code   104  glcd_spi_lpc1700.o(.text)
    .text                                    0x00001384   Section        0  uart.o(.text)
    .text                                    0x00001510   Section        0  hx8352.o(.text)
    rd_dat                                   0x00001559   Thumb Code    88  hx8352.o(.text)
    wr_reg                                   0x000015cf   Thumb Code    58  hx8352.o(.text)
    lcd_send                                 0x00001ec1   Thumb Code    38  hx8352.o(.text)
    .text                                    0x00001ef0   Section      238  lludivv7m.o(.text)
    .text                                    0x00001fe0   Section        0  __printf_flags_ss_wp.o(.text)
    .text                                    0x0000216c   Section        0  rand.o(.text)
    .text                                    0x000021a8   Section        0  memcmp.o(.text)
    .text                                    0x00002200   Section      138  rt_memcpy_v6.o(.text)
    .text                                    0x0000228a   Section       68  rt_memclr.o(.text)
    .text                                    0x000022ce   Section       78  rt_memclr_w.o(.text)
    .text                                    0x0000231c   Section        0  _printf_char_common.o(.text)
    _printf_input_char                       0x0000231d   Thumb Code    10  _printf_char_common.o(.text)
    .text                                    0x0000234c   Section        0  _sputc.o(.text)
    .text                                    0x00002356   Section        0  _printf_char.o(.text)
    .text                                    0x00002382   Section      100  rt_memcpy_w.o(.text)
    .text                                    0x000023e6   Section       74  sys_stackheap_outer.o(.text)
    .text                                    0x00002430   Section        0  exit.o(.text)
    i.USBH0_HID0_Callback                    0x0000243c   Section        0  usbh_hid.o(i.USBH0_HID0_Callback)
    i.USBH0_HID1_Callback                    0x00002444   Section        0  usbh_hid.o(i.USBH0_HID1_Callback)
    i.USBH0_HID2_Callback                    0x0000244c   Section        0  usbh_hid.o(i.USBH0_HID2_Callback)
    i.USBH0_HID3_Callback                    0x00002454   Section        0  usbh_hid.o(i.USBH0_HID3_Callback)
    i.USBH1_HID0_Callback                    0x0000245c   Section        0  usbh_hid.o(i.USBH1_HID0_Callback)
    i.USBH1_HID1_Callback                    0x00002464   Section        0  usbh_hid.o(i.USBH1_HID1_Callback)
    i.USBH1_HID2_Callback                    0x0000246c   Section        0  usbh_hid.o(i.USBH1_HID2_Callback)
    i.USBH1_HID3_Callback                    0x00002474   Section        0  usbh_hid.o(i.USBH1_HID3_Callback)
    i.USBH_EP0_SetAddress                    0x0000247c   Section        0  usbh_core.o(i.USBH_EP0_SetAddress)
    USBH_EP0_SetAddress                      0x0000247d   Thumb Code    66  usbh_core.o(i.USBH_EP0_SetAddress)
    i.USBH_EP0_SetMaxPacketSize              0x000024c8   Section        0  usbh_core.o(i.USBH_EP0_SetMaxPacketSize)
    USBH_EP0_SetMaxPacketSize                0x000024c9   Thumb Code    70  usbh_core.o(i.USBH_EP0_SetMaxPacketSize)
    i.USBH_EP0_Setup                         0x00002518   Section        0  usbh_core.o(i.USBH_EP0_Setup)
    USBH_EP0_Setup                           0x00002519   Thumb Code    94  usbh_core.o(i.USBH_EP0_Setup)
    i.USBH_EnumerateDevice                   0x00002580   Section        0  usbh_core.o(i.USBH_EnumerateDevice)
    i.USBH_GetClassDriverIdx                 0x00002780   Section        0  usbh_core.o(i.USBH_GetClassDriverIdx)
    USBH_GetClassDriverIdx                   0x00002781   Thumb Code    36  usbh_core.o(i.USBH_GetClassDriverIdx)
    i.USBH_GetDescriptor                     0x000027ac   Section        0  usbh_core.o(i.USBH_GetDescriptor)
    i.USBH_GetLastError                      0x00002820   Section        0  usbh_core.o(i.USBH_GetLastError)
    USBH_GetLastError                        0x00002821   Thumb Code    26  usbh_core.o(i.USBH_GetLastError)
    i.USBH_HID_Callback                      0x00002844   Section        0  usbh_hid.o(i.USBH_HID_Callback)
    i.USBH_HID_Config                        0x00002898   Section        0  usbh_hid.o(i.USBH_HID_Config)
    i.USBH_HID_GetLastError                  0x00002a0c   Section        0  usbh_hid.o(i.USBH_HID_GetLastError)
    USBH_HID_GetLastError                    0x00002a0d   Thumb Code    40  usbh_hid.o(i.USBH_HID_GetLastError)
    i.USBH_HID_Init                          0x00002a40   Section        0  usbh_hid.o(i.USBH_HID_Init)
    i.USBH_HID_ReceOnIntIn                   0x00002b80   Section        0  usbh_hid.o(i.USBH_HID_ReceOnIntIn)
    USBH_HID_ReceOnIntIn                     0x00002b81   Thumb Code   102  usbh_hid.o(i.USBH_HID_ReceOnIntIn)
    i.USBH_HID_ReportOut                     0x00002bf4   Section        0  usbh_hid.o(i.USBH_HID_ReportOut)
    USBH_HID_ReportOut                       0x00002bf5   Thumb Code   120  usbh_hid.o(i.USBH_HID_ReportOut)
    i.USBH_HID_Send_Data                     0x00002c74   Section        0  usbh_hid.o(i.USBH_HID_Send_Data)
    USBH_HID_Send_Data                       0x00002c75   Thumb Code   180  usbh_hid.o(i.USBH_HID_Send_Data)
    i.USBH_HID_SetIdle                       0x00002d34   Section        0  usbh_hid.o(i.USBH_HID_SetIdle)
    USBH_HID_SetIdle                         0x00002d35   Thumb Code    90  usbh_hid.o(i.USBH_HID_SetIdle)
    i.USBH_HID_SetLastError                  0x00002d90   Section        0  usbh_hid.o(i.USBH_HID_SetLastError)
    USBH_HID_SetLastError                    0x00002d91   Thumb Code    18  usbh_hid.o(i.USBH_HID_SetLastError)
    i.USBH_HID_SetReport                     0x00002dac   Section        0  usbh_hid.o(i.USBH_HID_SetReport)
    USBH_HID_SetReport                       0x00002dad   Thumb Code   110  usbh_hid.o(i.USBH_HID_SetReport)
    i.USBH_HID_UnConfig                      0x00002e1c   Section        0  usbh_hid.o(i.USBH_HID_UnConfig)
    i.USBH_HID_UnInit                        0x00002ed8   Section        0  usbh_hid.o(i.USBH_HID_UnInit)
    i.USBH_OHCI_Delay_ms                     0x00002f08   Section        0  usbh_ohci.o(i.USBH_OHCI_Delay_ms)
    i.USBH_OHCI_ED_Clear                     0x00002f14   Section        0  usbh_ohci.o(i.USBH_OHCI_ED_Clear)
    USBH_OHCI_ED_Clear                       0x00002f15   Thumb Code    26  usbh_ohci.o(i.USBH_OHCI_ED_Clear)
    i.USBH_OHCI_ED_GetLast                   0x00002f2e   Section        0  usbh_ohci.o(i.USBH_OHCI_ED_GetLast)
    USBH_OHCI_ED_GetLast                     0x00002f2f   Thumb Code    16  usbh_ohci.o(i.USBH_OHCI_ED_GetLast)
    i.USBH_OHCI_ED_IntFindSlot               0x00002f40   Section        0  usbh_ohci.o(i.USBH_OHCI_ED_IntFindSlot)
    USBH_OHCI_ED_IntFindSlot                 0x00002f41   Thumb Code   136  usbh_ohci.o(i.USBH_OHCI_ED_IntFindSlot)
    i.USBH_OHCI_ED_Start                     0x00002fd0   Section        0  usbh_ohci.o(i.USBH_OHCI_ED_Start)
    USBH_OHCI_ED_Start                       0x00002fd1   Thumb Code   150  usbh_ohci.o(i.USBH_OHCI_ED_Start)
    i.USBH_OHCI_ED_Stop                      0x0000306c   Section        0  usbh_ohci.o(i.USBH_OHCI_ED_Stop)
    USBH_OHCI_ED_Stop                        0x0000306d   Thumb Code   162  usbh_ohci.o(i.USBH_OHCI_ED_Stop)
    i.USBH_OHCI_EP_Add                       0x00003114   Section        0  usbh_ohci.o(i.USBH_OHCI_EP_Add)
    i.USBH_OHCI_EP_Config                    0x00003258   Section        0  usbh_ohci.o(i.USBH_OHCI_EP_Config)
    i.USBH_OHCI_EP_Remove                    0x000032f0   Section        0  usbh_ohci.o(i.USBH_OHCI_EP_Remove)
    i.USBH_OHCI_Get_Capabilities             0x00003478   Section        0  usbh_ohci.o(i.USBH_OHCI_Get_Capabilities)
    i.USBH_OHCI_Get_Connect                  0x00003484   Section        0  usbh_ohci.o(i.USBH_OHCI_Get_Connect)
    i.USBH_OHCI_Get_Speed                    0x00003510   Section        0  usbh_ohci.o(i.USBH_OHCI_Get_Speed)
    i.USBH_OHCI_IRQHandler                   0x0000351c   Section        0  usbh_ohci.o(i.USBH_OHCI_IRQHandler)
    i.USBH_OHCI_Init                         0x000036c8   Section        0  usbh_ohci.o(i.USBH_OHCI_Init)
    i.USBH_OHCI_Pins_Config                  0x00003884   Section        0  usbh_ohci.o(i.USBH_OHCI_Pins_Config)
    i.USBH_OHCI_Port_Power                   0x00003898   Section        0  usbh_ohci.o(i.USBH_OHCI_Port_Power)
    i.USBH_OHCI_Port_Reset                   0x000038d0   Section        0  usbh_ohci.o(i.USBH_OHCI_Port_Reset)
    i.USBH_OHCI_TDURB_Clear                  0x00003918   Section        0  usbh_ohci.o(i.USBH_OHCI_TDURB_Clear)
    USBH_OHCI_TDURB_Clear                    0x00003919   Thumb Code    14  usbh_ohci.o(i.USBH_OHCI_TDURB_Clear)
    i.USBH_OHCI_TDURB_FindTD                 0x00003928   Section        0  usbh_ohci.o(i.USBH_OHCI_TDURB_FindTD)
    USBH_OHCI_TDURB_FindTD                   0x00003929   Thumb Code    52  usbh_ohci.o(i.USBH_OHCI_TDURB_FindTD)
    i.USBH_OHCI_TDURB_FindURB                0x00003960   Section        0  usbh_ohci.o(i.USBH_OHCI_TDURB_FindURB)
    USBH_OHCI_TDURB_FindURB                  0x00003961   Thumb Code    48  usbh_ohci.o(i.USBH_OHCI_TDURB_FindURB)
    i.USBH_OHCI_TDURB_GetFree                0x00003994   Section        0  usbh_ohci.o(i.USBH_OHCI_TDURB_GetFree)
    USBH_OHCI_TDURB_GetFree                  0x00003995   Thumb Code    42  usbh_ohci.o(i.USBH_OHCI_TDURB_GetFree)
    i.USBH_OHCI_TD_Clear                     0x000039c4   Section        0  usbh_ohci.o(i.USBH_OHCI_TD_Clear)
    USBH_OHCI_TD_Clear                       0x000039c5   Thumb Code    18  usbh_ohci.o(i.USBH_OHCI_TD_Clear)
    i.USBH_OHCI_TD_Dequeue                   0x000039d8   Section        0  usbh_ohci.o(i.USBH_OHCI_TD_Dequeue)
    USBH_OHCI_TD_Dequeue                     0x000039d9   Thumb Code    80  usbh_ohci.o(i.USBH_OHCI_TD_Dequeue)
    i.USBH_OHCI_TD_Enqueue                   0x00003a2c   Section        0  usbh_ohci.o(i.USBH_OHCI_TD_Enqueue)
    USBH_OHCI_TD_Enqueue                     0x00003a2d   Thumb Code   178  usbh_ohci.o(i.USBH_OHCI_TD_Enqueue)
    i.USBH_OHCI_URB_Cancel                   0x00003ae8   Section        0  usbh_ohci.o(i.USBH_OHCI_URB_Cancel)
    i.USBH_OHCI_URB_Submit                   0x00003b4c   Section        0  usbh_ohci.o(i.USBH_OHCI_URB_Submit)
    i.USBH_Rece_Data                         0x00003ba0   Section        0  usbh_core.o(i.USBH_Rece_Data)
    i.USBH_Send_Data                         0x00003c68   Section        0  usbh_core.o(i.USBH_Send_Data)
    i.USBH_Send_Setup                        0x00003d30   Section        0  usbh_core.o(i.USBH_Send_Setup)
    i.USBH_SetAddress                        0x00003db0   Section        0  usbh_core.o(i.USBH_SetAddress)
    i.USBH_SetConfiguration                  0x00003df6   Section        0  usbh_core.o(i.USBH_SetConfiguration)
    i.USBH_SetLastError                      0x00003e3c   Section        0  usbh_core.o(i.USBH_SetLastError)
    USBH_SetLastError                        0x00003e3d   Thumb Code    14  usbh_core.o(i.USBH_SetLastError)
    i.USBH_UninitDevices                     0x00003e50   Section        0  usbh_core.o(i.USBH_UninitDevices)
    i._is_digit                              0x00004040   Section        0  __printf_wp.o(i._is_digit)
    i.usbh_engine                            0x00004050   Section        0  usbh_core.o(i.usbh_engine)
    i.usbh_hid_data_in_callback              0x000041a0   Section        0  usbh_hid.o(i.usbh_hid_data_in_callback)
    i.usbh_hid_data_out                      0x000041e0   Section        0  usbh_hid.o(i.usbh_hid_data_out)
    i.usbh_hid_kbd_getkey                    0x00004218   Section        0  usbh_hid.o(i.usbh_hid_kbd_getkey)
    i.usbh_hid_parse_report_desc             0x000042f4   Section        0  usbh_hid.o(i.usbh_hid_parse_report_desc)
    i.usbh_hid_status                        0x000042f8   Section        0  usbh_hid.o(i.usbh_hid_status)
    i.usbh_init                              0x00004348   Section        0  usbh_core.o(i.usbh_init)
    i.usbh_mem_alloc                         0x000043b0   Section        0  usbh_core.o(i.usbh_mem_alloc)
    i.usbh_mem_alloc_lib                     0x000043d0   Section        0  usbh_mem.o(i.usbh_mem_alloc_lib)
    i.usbh_mem_free                          0x00004414   Section        0  usbh_core.o(i.usbh_mem_free)
    i.usbh_mem_free_lib                      0x00004430   Section        0  usbh_mem.o(i.usbh_mem_free_lib)
    i.usbh_mem_init                          0x0000446c   Section        0  usbh_core.o(i.usbh_mem_init)
    i.usbh_mem_init_lib                      0x00004488   Section        0  usbh_mem.o(i.usbh_mem_init_lib)
    i.usbh_transfer                          0x000044c8   Section        0  usbh_core.o(i.usbh_transfer)
    .constdata                               0x00004584   Section        1  usb_config.o(.constdata)
    .constdata                               0x00004585   Section        1  usb_config.o(.constdata)
    .constdata                               0x00004586   Section        1  usb_config.o(.constdata)
    .constdata                               0x00004587   Section        1  usb_config.o(.constdata)
    .constdata                               0x00004588   Section        1  usb_config.o(.constdata)
    .constdata                               0x00004589   Section        1  usb_config.o(.constdata)
    .constdata                               0x0000458c   Section       12  measure.o(.constdata)
    .constdata                               0x00004598   Section     6272  glcd_spi_lpc1700.o(.constdata)
    .constdata                               0x00005e18   Section     2660  hx8352.o(.constdata)
    .constdata                               0x0000687c   Section       32  usbh_ohci.o(.constdata)
    INT_EP_SCHEME                            0x0000687c   Data          32  usbh_ohci.o(.constdata)
    .constdata                               0x0000689c   Section      256  usbh_hid_idtoascii.o(.constdata)
    .constdata                               0x0000699c   Section       57  usbh_hid_idtoascii.o(.constdata)
    .constdata                               0x000069d5   Section       17  __printf_flags_ss_wp.o(.constdata)
    maptable                                 0x000069d5   Data          17  __printf_flags_ss_wp.o(.constdata)
    .data                                    0x10000000   Section        4  system_lpc17xx.o(.data)
    .data                                    0x10000004   Section        4  usb_config.o(.data)
    .data                                    0x10000008   Section        4  usb_config.o(.data)
    .data                                    0x1000000c   Section        4  usb_config.o(.data)
    .data                                    0x10000010   Section       12  usb_config.o(.data)
    .data                                    0x1000001c   Section       12  retarget.o(.data)
    lnd                                      0x1000001c   Data           4  retarget.o(.data)
    ln                                       0x10000020   Data           4  retarget.o(.data)
    col                                      0x10000024   Data           4  retarget.o(.data)
    .data                                    0x10000028   Section       36  measure.o(.data)
    .data                                    0x1000004c   Section       64  usbh_ohci_lpc17xx.o(.data)
    .data                                    0x1000008c   Section       12  glcd_spi_lpc1700.o(.data)
    Himax                                    0x1000008c   Data           1  glcd_spi_lpc1700.o(.data)
    Color                                    0x1000008e   Data           4  glcd_spi_lpc1700.o(.data)
    y                                        0x10000094   Data           4  glcd_spi_lpc1700.o(.data)
    .data                                    0x10000098   Section       10  hx8352.o(.data)
    TextColor                                0x10000098   Data           2  hx8352.o(.data)
    BackColor                                0x1000009a   Data           2  hx8352.o(.data)
    .data                                    0x100000a4   Section       24  usbh_hid.o(.data)
    .data                                    0x100000bc   Section       52  usbh_ohci.o(.data)
    .data                                    0x100000f0   Section       16  usbh_ohci.o(.data)
    cntDebounce                              0x100000f0   Data           2  usbh_ohci.o(.data)
    USBH_OHCI_Port_Discon_Evt                0x100000f4   Data           4  usbh_ohci.o(.data)
    USBH_OHCI_Port_Con                       0x100000f8   Data           4  usbh_ohci.o(.data)
    USBH_OHCI_Port_Speed                     0x100000fc   Data           4  usbh_ohci.o(.data)
    .data                                    0x10000100   Section       16  usbh_mem.o(.data)
    MemPool                                  0x10000100   Data           8  usbh_mem.o(.data)
    MemPoolSize                              0x10000108   Data           8  usbh_mem.o(.data)
    .bss                                     0x10000110   Section       40  usb_config.o(.bss)
    .bss                                     0x10000138   Section       16  usb_config.o(.bss)
    .bss                                     0x10000148   Section       80  usb_config.o(.bss)
    .bss                                     0x10000198   Section      160  measure.o(.bss)
    .bss                                     0x10000238   Section       16  usbh_ohci_lpc17xx.o(.bss)
    .bss                                     0x10000248   Section      228  rand.o(.bss)
    .bss                                     0x1000032c   Section       96  libspace.o(.bss)
    HEAP                                     0x10000390   Section     2048  startup_lpc17xx.o(HEAP)
    Heap_Mem                                 0x10000390   Data        2048  startup_lpc17xx.o(HEAP)
    STACK                                    0x10000b90   Section     2048  startup_lpc17xx.o(STACK)
    Stack_Mem                                0x10000b90   Data        2048  startup_lpc17xx.o(STACK)
    __initial_sp                             0x10001390   Data           0  startup_lpc17xx.o(STACK)
    .ARM.__AT_0x20080000                     0x20080000   Section      256  usbh_ohci_lpc17xx.o(.ARM.__AT_0x20080000)
    .ARM.__AT_0x20080100                     0x20080100   Section       32  usbh_ohci_lpc17xx.o(.ARM.__AT_0x20080100)
    .ARM.__AT_0x20080120                     0x20080120   Section       32  usbh_ohci_lpc17xx.o(.ARM.__AT_0x20080120)
    .ARM.__AT_0x20080140                     0x20080140   Section      148  usbh_ohci_lpc17xx.o(.ARM.__AT_0x20080140)

    Global Symbols

    Symbol Name                              Value     Ov Type        Size  Object(Section)

    BuildAttributes$$THM_ISAv4$P$D$K$B$S$PE$A:L22UL41UL21$X:L11$S22US41US21$IEEE1$IW$USESV6$~STKCKD$USESV7$~SHL$OTIME$ROPI$IEEEJ$EBA8$UX$STANDARDLIB$REQ8$PRES8$EABIv2 0x00000000   Number         0  anon$$obj.o ABSOLUTE
    __ARM_use_no_argv                        0x00000000   Number         0  measure.o ABSOLUTE
    __Vectors                                0x00000000   Data           4  startup_lpc17xx.o(RESET)
    _printf_flags                            0x00000000   Number         0  printf_stubs.o ABSOLUTE
    _printf_return_value                     0x00000000   Number         0  printf_stubs.o ABSOLUTE
    _printf_sizespec                         0x00000000   Number         0  printf_stubs.o ABSOLUTE
    _printf_widthprec                        0x00000000   Number         0  printf_stubs.o ABSOLUTE
    __ARM_exceptions_init                     - Undefined Weak Reference
    __alloca_initialize                       - Undefined Weak Reference
    __cpp_initialize__aeabi_                  - Undefined Weak Reference
    __cxa_finalize                            - Undefined Weak Reference
    __sigvec_lookup                           - Undefined Weak Reference
    _atexit_init                              - Undefined Weak Reference
    _call_atexit_fns                          - Undefined Weak Reference
    _clock_init                               - Undefined Weak Reference
    _fp_trap_init                             - Undefined Weak Reference
    _fp_trap_shutdown                         - Undefined Weak Reference
    _get_lc_collate                           - Undefined Weak Reference
    _get_lc_monetary                          - Undefined Weak Reference
    _get_lc_time                              - Undefined Weak Reference
    _getenv_init                              - Undefined Weak Reference
    _handle_redirection                       - Undefined Weak Reference
    _init_alloc                               - Undefined Weak Reference
    _init_user_alloc                          - Undefined Weak Reference
    _initio                                   - Undefined Weak Reference
    _printf_fp_hex                            - Undefined Weak Reference
    _printf_mbtowc                            - Undefined Weak Reference
    _printf_wc                                - Undefined Weak Reference
    _scanf_longlong                           - Undefined Weak Reference
    _scanf_mbtowc                             - Undefined Weak Reference
    _scanf_real                               - Undefined Weak Reference
    _scanf_string                             - Undefined Weak Reference
    _scanf_wctomb                             - Undefined Weak Reference
    _scanf_wstring                            - Undefined Weak Reference
    _signal_finish                            - Undefined Weak Reference
    _signal_init                              - Undefined Weak Reference
    _terminate_alloc                          - Undefined Weak Reference
    _terminate_user_alloc                     - Undefined Weak Reference
    _terminateio                              - Undefined Weak Reference
    __main                                   0x000000cd   Thumb Code     8  __main.o(!!!main)
    __scatterload                            0x000000d5   Thumb Code     0  __scatter.o(!!!scatter)
    __scatterload_rt2                        0x000000d5   Thumb Code    44  __scatter.o(!!!scatter)
    __scatterload_rt2_thumb_only             0x000000d5   Thumb Code     0  __scatter.o(!!!scatter)
    __scatterload_null                       0x000000e3   Thumb Code     0  __scatter.o(!!!scatter)
    __scatterload_copy                       0x00000109   Thumb Code    26  __scatter_copy.o(!!handler_copy)
    __scatterload_zeroinit                   0x00000125   Thumb Code    28  __scatter_zi.o(!!handler_zi)
    _printf_c                                0x00000141   Thumb Code     0  _printf_c.o(.ARM.Collect$$_printf_percent$$00000013)
    _printf_percent                          0x00000141   Thumb Code     0  _printf_percent.o(.ARM.Collect$$_printf_percent$$00000000)
    _printf_s                                0x00000147   Thumb Code     0  _printf_s.o(.ARM.Collect$$_printf_percent$$00000014)
    _printf_percent_end                      0x0000014d   Thumb Code     0  _printf_percent_end.o(.ARM.Collect$$_printf_percent$$00000017)
    __rt_lib_init                            0x00000151   Thumb Code     0  libinit.o(.ARM.Collect$$libinit$$00000000)
    __rt_lib_init_fp_1                       0x00000153   Thumb Code     0  libinit2.o(.ARM.Collect$$libinit$$00000002)
    __rt_lib_init_heap_1                     0x00000153   Thumb Code     0  libinit2.o(.ARM.Collect$$libinit$$00000008)
    __rt_lib_init_rand_2                     0x00000153   Thumb Code     0  libinit2.o(.ARM.Collect$$libinit$$0000000B)
    __rt_lib_init_user_alloc_1               0x00000153   Thumb Code     0  libinit2.o(.ARM.Collect$$libinit$$0000000A)
    __rt_lib_init_alloca_1                   0x00000157   Thumb Code     0  libinit2.o(.ARM.Collect$$libinit$$0000002C)
    __rt_lib_init_argv_1                     0x00000157   Thumb Code     0  libinit2.o(.ARM.Collect$$libinit$$0000002A)
    __rt_lib_init_atexit_1                   0x00000157   Thumb Code     0  libinit2.o(.ARM.Collect$$libinit$$00000019)
    __rt_lib_init_clock_1                    0x00000157   Thumb Code     0  libinit2.o(.ARM.Collect$$libinit$$0000001F)
    __rt_lib_init_cpp_1                      0x00000157   Thumb Code     0  libinit2.o(.ARM.Collect$$libinit$$00000030)
    __rt_lib_init_exceptions_1               0x00000157   Thumb Code     0  libinit2.o(.ARM.Collect$$libinit$$0000002E)
    __rt_lib_init_fp_trap_1                  0x00000157   Thumb Code     0  libinit2.o(.ARM.Collect$$libinit$$0000001D)
    __rt_lib_init_getenv_1                   0x00000157   Thumb Code     0  libinit2.o(.ARM.Collect$$libinit$$00000021)
    __rt_lib_init_lc_collate_1               0x00000157   Thumb Code     0  libinit2.o(.ARM.Collect$$libinit$$0000000F)
    __rt_lib_init_lc_ctype_1                 0x00000157   Thumb Code     0  libinit2.o(.ARM.Collect$$libinit$$00000011)
    __rt_lib_init_lc_monetary_1              0x00000157   Thumb Code     0  libinit2.o(.ARM.Collect$$libinit$$00000013)
    __rt_lib_init_lc_numeric_1               0x00000157   Thumb Code     0  libinit2.o(.ARM.Collect$$libinit$$00000015)
    __rt_lib_init_lc_time_1                  0x00000157   Thumb Code     0  libinit2.o(.ARM.Collect$$libinit$$00000017)
    __rt_lib_init_rand_1                     0x00000157   Thumb Code     0  libinit2.o(.ARM.Collect$$libinit$$0000000C)
    __rt_lib_init_return                     0x00000157   Thumb Code     0  libinit2.o(.ARM.Collect$$libinit$$00000031)
    __rt_lib_init_signal_1                   0x00000157   Thumb Code     0  libinit2.o(.ARM.Collect$$libinit$$0000001B)
    __rt_lib_init_stdio_1                    0x00000157   Thumb Code     0  libinit2.o(.ARM.Collect$$libinit$$00000023)
    __rt_lib_shutdown                        0x00000159   Thumb Code     0  libshutdown.o(.ARM.Collect$$libshutdown$$00000000)
    __rt_lib_shutdown_fp_trap_1              0x0000015b   Thumb Code     0  libshutdown2.o(.ARM.Collect$$libshutdown$$00000006)
    __rt_lib_shutdown_heap_1                 0x0000015b   Thumb Code     0  libshutdown2.o(.ARM.Collect$$libshutdown$$0000000E)
    __rt_lib_shutdown_return                 0x0000015b   Thumb Code     0  libshutdown2.o(.ARM.Collect$$libshutdown$$0000000F)
    __rt_lib_shutdown_signal_1               0x0000015b   Thumb Code     0  libshutdown2.o(.ARM.Collect$$libshutdown$$00000009)
    __rt_lib_shutdown_stdio_1                0x0000015b   Thumb Code     0  libshutdown2.o(.ARM.Collect$$libshutdown$$00000003)
    __rt_lib_shutdown_user_alloc_1           0x0000015b   Thumb Code     0  libshutdown2.o(.ARM.Collect$$libshutdown$$0000000B)
    __rt_entry                               0x0000015d   Thumb Code     0  rtentry.o(.ARM.Collect$$rtentry$$00000000)
    __rt_entry_presh_1                       0x0000015d   Thumb Code     0  rtentry2.o(.ARM.Collect$$rtentry$$00000002)
    __rt_entry_sh                            0x0000015d   Thumb Code     0  rtentry4.o(.ARM.Collect$$rtentry$$00000004)
    __rt_entry_li                            0x00000163   Thumb Code     0  rtentry2.o(.ARM.Collect$$rtentry$$0000000A)
    __rt_entry_postsh_1                      0x00000163   Thumb Code     0  rtentry2.o(.ARM.Collect$$rtentry$$00000009)
    __rt_entry_main                          0x00000167   Thumb Code     0  rtentry2.o(.ARM.Collect$$rtentry$$0000000D)
    __rt_entry_postli_1                      0x00000167   Thumb Code     0  rtentry2.o(.ARM.Collect$$rtentry$$0000000C)
    __rt_exit                                0x0000016f   Thumb Code     0  rtexit.o(.ARM.Collect$$rtexit$$00000000)
    __rt_exit_ls                             0x00000171   Thumb Code     0  rtexit2.o(.ARM.Collect$$rtexit$$00000003)
    __rt_exit_prels_1                        0x00000171   Thumb Code     0  rtexit2.o(.ARM.Collect$$rtexit$$00000002)
    __rt_exit_exit                           0x00000175   Thumb Code     0  rtexit2.o(.ARM.Collect$$rtexit$$00000004)
    wait                                     0x0000017d   Thumb Code     4  hx8352.o(.emb_text)
    rand                                     0x00000181   Thumb Code    48  rand.o(.emb_text)
    Reset_Handler                            0x000001b5   Thumb Code     8  startup_lpc17xx.o(.text)
    NMI_Handler                              0x000001bd   Thumb Code     2  startup_lpc17xx.o(.text)
    HardFault_Handler                        0x000001bf   Thumb Code     2  startup_lpc17xx.o(.text)
    MemManage_Handler                        0x000001c1   Thumb Code     2  startup_lpc17xx.o(.text)
    BusFault_Handler                         0x000001c3   Thumb Code     2  startup_lpc17xx.o(.text)
    UsageFault_Handler                       0x000001c5   Thumb Code     2  startup_lpc17xx.o(.text)
    SVC_Handler                              0x000001c7   Thumb Code     2  startup_lpc17xx.o(.text)
    DebugMon_Handler                         0x000001c9   Thumb Code     2  startup_lpc17xx.o(.text)
    PendSV_Handler                           0x000001cb   Thumb Code     2  startup_lpc17xx.o(.text)
    ADC_IRQHandler                           0x000001cf   Thumb Code     0  startup_lpc17xx.o(.text)
    BOD_IRQHandler                           0x000001cf   Thumb Code     0  startup_lpc17xx.o(.text)
    CANActivity_IRQHandler                   0x000001cf   Thumb Code     0  startup_lpc17xx.o(.text)
    CAN_IRQHandler                           0x000001cf   Thumb Code     0  startup_lpc17xx.o(.text)
    DMA_IRQHandler                           0x000001cf   Thumb Code     0  startup_lpc17xx.o(.text)
    EINT0_IRQHandler                         0x000001cf   Thumb Code     0  startup_lpc17xx.o(.text)
    EINT1_IRQHandler                         0x000001cf   Thumb Code     0  startup_lpc17xx.o(.text)
    EINT2_IRQHandler                         0x000001cf   Thumb Code     0  startup_lpc17xx.o(.text)
    EINT3_IRQHandler                         0x000001cf   Thumb Code     0  startup_lpc17xx.o(.text)
    ENET_IRQHandler                          0x000001cf   Thumb Code     0  startup_lpc17xx.o(.text)
    I2C0_IRQHandler                          0x000001cf   Thumb Code     0  startup_lpc17xx.o(.text)
    I2C1_IRQHandler                          0x000001cf   Thumb Code     0  startup_lpc17xx.o(.text)
    I2C2_IRQHandler                          0x000001cf   Thumb Code     0  startup_lpc17xx.o(.text)
    I2S_IRQHandler                           0x000001cf   Thumb Code     0  startup_lpc17xx.o(.text)
    MCPWM_IRQHandler                         0x000001cf   Thumb Code     0  startup_lpc17xx.o(.text)
    PLL0_IRQHandler                          0x000001cf   Thumb Code     0  startup_lpc17xx.o(.text)
    PLL1_IRQHandler                          0x000001cf   Thumb Code     0  startup_lpc17xx.o(.text)
    PWM1_IRQHandler                          0x000001cf   Thumb Code     0  startup_lpc17xx.o(.text)
    QEI_IRQHandler                           0x000001cf   Thumb Code     0  startup_lpc17xx.o(.text)
    RIT_IRQHandler                           0x000001cf   Thumb Code     0  startup_lpc17xx.o(.text)
    RTC_IRQHandler                           0x000001cf   Thumb Code     0  startup_lpc17xx.o(.text)
    SPI_IRQHandler                           0x000001cf   Thumb Code     0  startup_lpc17xx.o(.text)
    SSP0_IRQHandler                          0x000001cf   Thumb Code     0  startup_lpc17xx.o(.text)
    SSP1_IRQHandler                          0x000001cf   Thumb Code     0  startup_lpc17xx.o(.text)
    TIMER0_IRQHandler                        0x000001cf   Thumb Code     0  startup_lpc17xx.o(.text)
    TIMER1_IRQHandler                        0x000001cf   Thumb Code     0  startup_lpc17xx.o(.text)
    TIMER2_IRQHandler                        0x000001cf   Thumb Code     0  startup_lpc17xx.o(.text)
    TIMER3_IRQHandler                        0x000001cf   Thumb Code     0  startup_lpc17xx.o(.text)
    UART0_IRQHandler                         0x000001cf   Thumb Code     0  startup_lpc17xx.o(.text)
    UART1_IRQHandler                         0x000001cf   Thumb Code     0  startup_lpc17xx.o(.text)
    UART2_IRQHandler                         0x000001cf   Thumb Code     0  startup_lpc17xx.o(.text)
    UART3_IRQHandler                         0x000001cf   Thumb Code     0  startup_lpc17xx.o(.text)
    USBActivity_IRQHandler                   0x000001cf   Thumb Code     0  startup_lpc17xx.o(.text)
    WDT_IRQHandler                           0x000001cf   Thumb Code     0  startup_lpc17xx.o(.text)
    __user_initial_stackheap                 0x000001d1   Thumb Code     0  startup_lpc17xx.o(.text)
    sendchar                                 0x000001f5   Thumb Code    92  retarget.o(.text)
    getkey                                   0x00000251   Thumb Code     8  retarget.o(.text)
    fputc                                    0x00000259   Thumb Code     2  retarget.o(.text)
    fgetc                                    0x0000025b   Thumb Code     8  retarget.o(.text)
    ferror                                   0x00000263   Thumb Code     6  retarget.o(.text)
    _ttywrch                                 0x00000269   Thumb Code     2  retarget.o(.text)
    _sys_exit                                0x0000026b   Thumb Code     2  retarget.o(.text)
    __2sprintf                               0x00000271   Thumb Code    38  __2sprintf.o(.text)
    _printf_str                              0x0000029d   Thumb Code    82  _printf_str.o(.text)
    __use_two_region_memory                  0x000002ef   Thumb Code     2  heapauxi.o(.text)
    __rt_heap_escrow$2region                 0x000002f1   Thumb Code     2  heapauxi.o(.text)
    __rt_heap_expand$2region                 0x000002f3   Thumb Code     2  heapauxi.o(.text)
    __user_libspace                          0x000002f5   Thumb Code     8  libspace.o(.text)
    __user_perproc_libspace                  0x000002f5   Thumb Code     0  libspace.o(.text)
    __user_perthread_libspace                0x000002f5   Thumb Code     0  libspace.o(.text)
    SystemCoreClockUpdate                    0x00000301   Thumb Code   194  system_lpc17xx.o(.text)
    SystemInit                               0x000003c3   Thumb Code   194  system_lpc17xx.o(.text)
    __RL_USBH_VER                            0x00000470   Number         0  usbh_core.o ABSOLUTE
    delay_us                                 0x000004a5   Thumb Code    18  measure.o(.text)
    delay_ms                                 0x000004b7   Thumb Code    24  measure.o(.text)
    ADC_Init                                 0x000004cf   Thumb Code    36  measure.o(.text)
    ADC_GetConversion                        0x000004f3   Thumb Code    24  measure.o(.text)
    SysTick_Handler                          0x0000050b   Thumb Code   156  measure.o(.text)
    main                                     0x000005a7   Thumb Code   342  measure.o(.text)
    usbh_ohci_hw_get_capabilities            0x00000795   Thumb Code    20  usbh_ohci_lpc17xx.o(.text)
    usbh_ohci_hw_delay_ms                    0x000007a9   Thumb Code    28  usbh_ohci_lpc17xx.o(.text)
    usbh_ohci_hw_reg_wr                      0x000007c5   Thumb Code     6  usbh_ohci_lpc17xx.o(.text)
    usbh_ohci_hw_reg_rd                      0x000007cb   Thumb Code     6  usbh_ohci_lpc17xx.o(.text)
    usbh_ohci_hw_pins_config                 0x000007d1   Thumb Code    56  usbh_ohci_lpc17xx.o(.text)
    usbh_ohci_hw_init                        0x00000809   Thumb Code   148  usbh_ohci_lpc17xx.o(.text)
    usbh_ohci_hw_port_power                  0x0000089d   Thumb Code     4  usbh_ohci_lpc17xx.o(.text)
    usbh_ohci_hw_irq_en                      0x000008a1   Thumb Code    24  usbh_ohci_lpc17xx.o(.text)
    USB_IRQHandler                           0x000008b9   Thumb Code     4  usbh_ohci_lpc17xx.o(.text)
    GLCD_Init                                0x0000094b   Thumb Code  1472  glcd_spi_lpc1700.o(.text)
    GLCD_SetWindow                           0x00000f0b   Thumb Code   148  glcd_spi_lpc1700.o(.text)
    GLCD_WindowMax                           0x00000f9f   Thumb Code    12  glcd_spi_lpc1700.o(.text)
    GLCD_PutPixel                            0x00000fab   Thumb Code   118  glcd_spi_lpc1700.o(.text)
    GLCD_SetTextColor                        0x00001021   Thumb Code     8  glcd_spi_lpc1700.o(.text)
    GLCD_SetBackColor                        0x00001029   Thumb Code     8  glcd_spi_lpc1700.o(.text)
    GLCD_Clear                               0x00001031   Thumb Code    44  glcd_spi_lpc1700.o(.text)
    GLCD_DrawChar                            0x0000105d   Thumb Code   138  glcd_spi_lpc1700.o(.text)
    GLCD_DisplayChar                         0x000010e7   Thumb Code    66  glcd_spi_lpc1700.o(.text)
    GLCD_DisplayString                       0x00001129   Thumb Code    36  glcd_spi_lpc1700.o(.text)
    GLCD_ClearLn                             0x0000114d   Thumb Code    72  glcd_spi_lpc1700.o(.text)
    GLCD_Bargraph                            0x00001195   Thumb Code    84  glcd_spi_lpc1700.o(.text)
    GLCD_Bitmap                              0x000011e9   Thumb Code    64  glcd_spi_lpc1700.o(.text)
    GLCD_ScrollVertical                      0x00001229   Thumb Code    76  glcd_spi_lpc1700.o(.text)
    GLCD_WrCmd                               0x00001275   Thumb Code     4  glcd_spi_lpc1700.o(.text)
    GLCD_WrReg                               0x00001279   Thumb Code     4  glcd_spi_lpc1700.o(.text)
    UART0_Init                               0x00001385   Thumb Code    42  uart.o(.text)
    UART0_SendByte                           0x000013af   Thumb Code    14  uart.o(.text)
    UART0_GetChar                            0x000013bd   Thumb Code    12  uart.o(.text)
    UART0_SendString                         0x000013c9   Thumb Code    20  uart.o(.text)
    UART2_Init                               0x000013dd   Thumb Code    52  uart.o(.text)
    UART2_SendByte                           0x00001411   Thumb Code    14  uart.o(.text)
    UART2_GetChar                            0x0000141f   Thumb Code    12  uart.o(.text)
    UART2_SendString                         0x0000142b   Thumb Code    20  uart.o(.text)
    UART0_SendChar                           0x0000143f   Thumb Code    96  uart.o(.text)
    UART2_SendChar                           0x0000149f   Thumb Code    96  uart.o(.text)
    wait_delay                               0x00001511   Thumb Code     6  hx8352.o(.text)
    delayms                                  0x00001517   Thumb Code    30  hx8352.o(.text)
    wr_cmd                                   0x00001535   Thumb Code    36  hx8352.o(.text)
    wr_dat_only                              0x000015b1   Thumb Code    30  hx8352.o(.text)
    LCD_Init                                 0x00001609   Thumb Code   840  hx8352.o(.text)
    LCD_SetCursor                            0x00001951   Thumb Code    40  hx8352.o(.text)
    LCD_Window                               0x00001979   Thumb Code    98  hx8352.o(.text)
    LCD_WindowMax                            0x000019db   Thumb Code    12  hx8352.o(.text)
    LCD_PutPixel                             0x000019e7   Thumb Code    56  hx8352.o(.text)
    LCD_Clear                                0x00001a1f   Thumb Code    60  hx8352.o(.text)
    LCD_Fill                                 0x00001a5b   Thumb Code    88  hx8352.o(.text)
    LCD_SetTextColor                         0x00001ab3   Thumb Code     6  hx8352.o(.text)
    LCD_SetBackColor                         0x00001ab9   Thumb Code     6  hx8352.o(.text)
    LCD_Pow                                  0x00001abf   Thumb Code    20  hx8352.o(.text)
    LCD_Show_Image                           0x00001ad3   Thumb Code    88  hx8352.o(.text)
    LCD_ShowChar                             0x00001b2b   Thumb Code   274  hx8352.o(.text)
    LCD_ShowString                           0x00001c3d   Thumb Code    84  hx8352.o(.text)
    LCD_ShowxNum                             0x00001c91   Thumb Code   132  hx8352.o(.text)
    LCD_DrawLine                             0x00001d15   Thumb Code   176  hx8352.o(.text)
    LCD_DrawRectangle                        0x00001dc5   Thumb Code    56  hx8352.o(.text)
    Draw_Circle                              0x00001dfd   Thumb Code   196  hx8352.o(.text)
    __aeabi_uldivmod                         0x00001ef1   Thumb Code     0  lludivv7m.o(.text)
    _ll_udiv                                 0x00001ef1   Thumb Code   238  lludivv7m.o(.text)
    __printf                                 0x00001fe1   Thumb Code   390  __printf_flags_ss_wp.o(.text)
    srand                                    0x0000216d   Thumb Code    42  rand.o(.text)
    _rand_init                               0x00002197   Thumb Code     4  rand.o(.text)
    memcmp                                   0x000021a9   Thumb Code    88  memcmp.o(.text)
    __aeabi_memcpy                           0x00002201   Thumb Code     0  rt_memcpy_v6.o(.text)
    __rt_memcpy                              0x00002201   Thumb Code   138  rt_memcpy_v6.o(.text)
    _memcpy_lastbytes                        0x00002267   Thumb Code     0  rt_memcpy_v6.o(.text)
    __aeabi_memclr                           0x0000228b   Thumb Code     0  rt_memclr.o(.text)
    __rt_memclr                              0x0000228b   Thumb Code    68  rt_memclr.o(.text)
    _memset                                  0x0000228f   Thumb Code     0  rt_memclr.o(.text)
    __aeabi_memclr4                          0x000022cf   Thumb Code     0  rt_memclr_w.o(.text)
    __aeabi_memclr8                          0x000022cf   Thumb Code     0  rt_memclr_w.o(.text)
    __rt_memclr_w                            0x000022cf   Thumb Code    78  rt_memclr_w.o(.text)
    _memset_w                                0x000022d3   Thumb Code     0  rt_memclr_w.o(.text)
    _printf_char_common                      0x00002327   Thumb Code    32  _printf_char_common.o(.text)
    _sputc                                   0x0000234d   Thumb Code    10  _sputc.o(.text)
    _printf_cs_common                        0x00002357   Thumb Code    20  _printf_char.o(.text)
    _printf_char                             0x0000236b   Thumb Code    16  _printf_char.o(.text)
    _printf_string                           0x0000237b   Thumb Code     8  _printf_char.o(.text)
    __aeabi_memcpy4                          0x00002383   Thumb Code     0  rt_memcpy_w.o(.text)
    __aeabi_memcpy8                          0x00002383   Thumb Code     0  rt_memcpy_w.o(.text)
    __rt_memcpy_w                            0x00002383   Thumb Code   100  rt_memcpy_w.o(.text)
    _memcpy_lastbytes_aligned                0x000023cb   Thumb Code     0  rt_memcpy_w.o(.text)
    __user_setup_stackheap                   0x000023e7   Thumb Code    74  sys_stackheap_outer.o(.text)
    exit                                     0x00002431   Thumb Code    12  exit.o(.text)
    USBH0_HID0_Callback                      0x0000243d   Thumb Code     8  usbh_hid.o(i.USBH0_HID0_Callback)
    USBH0_HID1_Callback                      0x00002445   Thumb Code     8  usbh_hid.o(i.USBH0_HID1_Callback)
    USBH0_HID2_Callback                      0x0000244d   Thumb Code     8  usbh_hid.o(i.USBH0_HID2_Callback)
    USBH0_HID3_Callback                      0x00002455   Thumb Code     8  usbh_hid.o(i.USBH0_HID3_Callback)
    USBH1_HID0_Callback                      0x0000245d   Thumb Code     8  usbh_hid.o(i.USBH1_HID0_Callback)
    USBH1_HID1_Callback                      0x00002465   Thumb Code     8  usbh_hid.o(i.USBH1_HID1_Callback)
    USBH1_HID2_Callback                      0x0000246d   Thumb Code     8  usbh_hid.o(i.USBH1_HID2_Callback)
    USBH1_HID3_Callback                      0x00002475   Thumb Code     8  usbh_hid.o(i.USBH1_HID3_Callback)
    USBH_EnumerateDevice                     0x00002581   Thumb Code   500  usbh_core.o(i.USBH_EnumerateDevice)
    USBH_GetDescriptor                       0x000027ad   Thumb Code   116  usbh_core.o(i.USBH_GetDescriptor)
    USBH_HID_Callback                        0x00002845   Thumb Code    76  usbh_hid.o(i.USBH_HID_Callback)
    USBH_HID_Config                          0x00002899   Thumb Code   350  usbh_hid.o(i.USBH_HID_Config)
    USBH_HID_Init                            0x00002a41   Thumb Code   272  usbh_hid.o(i.USBH_HID_Init)
    USBH_HID_UnConfig                        0x00002e1d   Thumb Code   172  usbh_hid.o(i.USBH_HID_UnConfig)
    USBH_HID_UnInit                          0x00002ed9   Thumb Code    40  usbh_hid.o(i.USBH_HID_UnInit)
    USBH_OHCI_Delay_ms                       0x00002f09   Thumb Code     8  usbh_ohci.o(i.USBH_OHCI_Delay_ms)
    USBH_OHCI_EP_Add                         0x00003115   Thumb Code   314  usbh_ohci.o(i.USBH_OHCI_EP_Add)
    USBH_OHCI_EP_Config                      0x00003259   Thumb Code   152  usbh_ohci.o(i.USBH_OHCI_EP_Config)
    USBH_OHCI_EP_Remove                      0x000032f1   Thumb Code   384  usbh_ohci.o(i.USBH_OHCI_EP_Remove)
    USBH_OHCI_Get_Capabilities               0x00003479   Thumb Code     8  usbh_ohci.o(i.USBH_OHCI_Get_Capabilities)
    USBH_OHCI_Get_Connect                    0x00003485   Thumb Code   132  usbh_ohci.o(i.USBH_OHCI_Get_Connect)
    USBH_OHCI_Get_Speed                      0x00003511   Thumb Code     6  usbh_ohci.o(i.USBH_OHCI_Get_Speed)
    USBH_OHCI_IRQHandler                     0x0000351d   Thumb Code   418  usbh_ohci.o(i.USBH_OHCI_IRQHandler)
    USBH_OHCI_Init                           0x000036c9   Thumb Code   428  usbh_ohci.o(i.USBH_OHCI_Init)
    USBH_OHCI_Pins_Config                    0x00003885   Thumb Code    14  usbh_ohci.o(i.USBH_OHCI_Pins_Config)
    USBH_OHCI_Port_Power                     0x00003899   Thumb Code    50  usbh_ohci.o(i.USBH_OHCI_Port_Power)
    USBH_OHCI_Port_Reset                     0x000038d1   Thumb Code    68  usbh_ohci.o(i.USBH_OHCI_Port_Reset)
    USBH_OHCI_URB_Cancel                     0x00003ae9   Thumb Code   100  usbh_ohci.o(i.USBH_OHCI_URB_Cancel)
    USBH_OHCI_URB_Submit                     0x00003b4d   Thumb Code    80  usbh_ohci.o(i.USBH_OHCI_URB_Submit)
    USBH_Rece_Data                           0x00003ba1   Thumb Code   196  usbh_core.o(i.USBH_Rece_Data)
    USBH_Send_Data                           0x00003c69   Thumb Code   196  usbh_core.o(i.USBH_Send_Data)
    USBH_Send_Setup                          0x00003d31   Thumb Code   122  usbh_core.o(i.USBH_Send_Setup)
    USBH_SetAddress                          0x00003db1   Thumb Code    70  usbh_core.o(i.USBH_SetAddress)
    USBH_SetConfiguration                    0x00003df7   Thumb Code    70  usbh_core.o(i.USBH_SetConfiguration)
    USBH_UninitDevices                       0x00003e51   Thumb Code   470  usbh_core.o(i.USBH_UninitDevices)
    _is_digit                                0x00004041   Thumb Code    14  __printf_wp.o(i._is_digit)
    usbh_engine                              0x00004051   Thumb Code   324  usbh_core.o(i.usbh_engine)
    usbh_hid_data_in_callback                0x000041a1   Thumb Code    56  usbh_hid.o(i.usbh_hid_data_in_callback)
    usbh_hid_data_out                        0x000041e1   Thumb Code    48  usbh_hid.o(i.usbh_hid_data_out)
    usbh_hid_kbd_getkey                      0x00004219   Thumb Code   192  usbh_hid.o(i.usbh_hid_kbd_getkey)
    usbh_hid_parse_report_desc               0x000042f5   Thumb Code     2  usbh_hid.o(i.usbh_hid_parse_report_desc)
    usbh_hid_status                          0x000042f9   Thumb Code    66  usbh_hid.o(i.usbh_hid_status)
    usbh_init                                0x00004349   Thumb Code    92  usbh_core.o(i.usbh_init)
    usbh_mem_alloc                           0x000043b1   Thumb Code    32  usbh_core.o(i.usbh_mem_alloc)
    usbh_mem_alloc_lib                       0x000043d1   Thumb Code    62  usbh_mem.o(i.usbh_mem_alloc_lib)
    usbh_mem_free                            0x00004415   Thumb Code    26  usbh_core.o(i.usbh_mem_free)
    usbh_mem_free_lib                        0x00004431   Thumb Code    54  usbh_mem.o(i.usbh_mem_free_lib)
    usbh_mem_init                            0x0000446d   Thumb Code    26  usbh_core.o(i.usbh_mem_init)
    usbh_mem_init_lib                        0x00004489   Thumb Code    58  usbh_mem.o(i.usbh_mem_init_lib)
    usbh_transfer                            0x000044c9   Thumb Code   180  usbh_core.o(i.usbh_transfer)
    usbh_hc_num                              0x00004584   Data           1  usb_config.o(.constdata)
    usbh_hc_msk                              0x00004585   Data           1  usb_config.o(.constdata)
    usbh_dcd_num                             0x00004586   Data           1  usb_config.o(.constdata)
    usbh_msc_num                             0x00004587   Data           1  usb_config.o(.constdata)
    usbh_hid_num                             0x00004588   Data           1  usb_config.o(.constdata)
    usbh_cls_num                             0x00004589   Data           1  usb_config.o(.constdata)
    Font_6x8_h                               0x00004598   Data         896  glcd_spi_lpc1700.o(.constdata)
    Font_16x24_h                             0x00004918   Data        5376  glcd_spi_lpc1700.o(.constdata)
    asc2_1206                                0x00005e18   Data        1140  hx8352.o(.constdata)
    asc2_1608                                0x0000628c   Data        1520  hx8352.o(.constdata)
    HID_KEYBOARD_ID_TO_ASCII                 0x0000689c   Data         256  usbh_hid_idtoascii.o(.constdata)
    HID_KEYBOARD_ALT_ID_TO_ASCII             0x0000699c   Data          57  usbh_hid_idtoascii.o(.constdata)
    Region$$Table$$Base                      0x000069e8   Number         0  anon$$obj.o(Region$$Table)
    Region$$Table$$Limit                     0x00006a08   Number         0  anon$$obj.o(Region$$Table)
    SystemCoreClock                          0x10000000   Data           4  system_lpc17xx.o(.data)
    usbh_hcd_ptr                             0x10000004   Data           4  usb_config.o(.data)
    usbh_hwd_ohci_ptr                        0x10000008   Data           4  usb_config.o(.data)
    usbh_dcd_ptr                             0x1000000c   Data           4  usb_config.o(.data)
    usbh_dci_ptr                             0x10000010   Data          12  usb_config.o(.data)
    measurement_interval                     0x10000028   Data           4  measure.o(.data)
    mdisplay                                 0x1000002c   Data           4  measure.o(.data)
    startflag                                0x10000030   Data           4  measure.o(.data)
    setinterval                              0x10000034   Data           4  measure.o(.data)
    interval                                 0x10000038   Data           4  measure.o(.data)
    sindex                                   0x1000003c   Data           4  measure.o(.data)
    savefirst                                0x10000040   Data           4  measure.o(.data)
    current                                  0x10000044   Data           8  measure.o(.data)
    usbh0_hwd_ohci                           0x1000004c   Data          64  usbh_ohci_lpc17xx.o(.data)
    POINT_COLOR                              0x1000009c   Data           2  hx8352.o(.data)
    BACK_COLOR                               0x1000009e   Data           2  hx8352.o(.data)
    DeviceCode                               0x100000a0   Data           2  hx8352.o(.data)
    usbh_dcd_hid                             0x100000a4   Data          24  usbh_hid.o(.data)
    usbh0_hcd_ohci                           0x100000bc   Data          52  usbh_ohci.o(.data)
    usbh_hci                                 0x10000110   Data          40  usb_config.o(.bss)
    usbh_dci_hid                             0x10000138   Data          16  usb_config.o(.bss)
    usbh_hid                                 0x10000148   Data          80  usb_config.o(.bss)
    save_record                              0x10000198   Data         160  measure.o(.bss)
    usbh_ohci_tdurb                          0x10000238   Data          16  usbh_ohci_lpc17xx.o(.bss)
    _random_number_data                      0x10000248   Data         228  rand.o(.bss)
    __libspace_start                         0x1000032c   Data          96  libspace.o(.bss)
    __temporary_stack_top$libspace           0x1000038c   Data           0  libspace.o(.bss)
    usbh_ohci_hcca                           0x20080000   Data         256  usbh_ohci_lpc17xx.o(.ARM.__AT_0x20080000)
    usbh_ohci_ed                             0x20080100   Data          32  usbh_ohci_lpc17xx.o(.ARM.__AT_0x20080100)
    usbh_ohci_td                             0x20080120   Data          32  usbh_ohci_lpc17xx.o(.ARM.__AT_0x20080120)
    usbh_ohci_mpool                          0x20080140   Data         148  usbh_ohci_lpc17xx.o(.ARM.__AT_0x20080140)



==============================================================================

Memory Map of the image

  Image Entry point : 0x000000cd

  Load Region LR_IROM1 (Base: 0x00000000, Size: 0x00006b18, Max: 0x00080000, ABSOLUTE)

    Execution Region ER_IROM1 (Base: 0x00000000, Size: 0x00006a08, Max: 0x00080000, ABSOLUTE)

    Base Addr    Size         Type   Attr      Idx    E Section Name        Object

    0x00000000   0x000000cc   Data   RO            3    RESET               startup_lpc17xx.o
    0x000000cc   0x00000008   Code   RO          657  * !!!main             c_w.l(__main.o)
    0x000000d4   0x00000034   Code   RO          973    !!!scatter          c_w.l(__scatter.o)
    0x00000108   0x0000001a   Code   RO          975    !!handler_copy      c_w.l(__scatter_copy.o)
    0x00000122   0x00000002   PAD
    0x00000124   0x0000001c   Code   RO          977    !!handler_zi        c_w.l(__scatter_zi.o)
    0x00000140   0x00000000   Code   RO          637    .ARM.Collect$$_printf_percent$$00000000  c_w.l(_printf_percent.o)
    0x00000140   0x00000006   Code   RO          633    .ARM.Collect$$_printf_percent$$00000013  c_w.l(_printf_c.o)
    0x00000146   0x00000006   Code   RO          634    .ARM.Collect$$_printf_percent$$00000014  c_w.l(_printf_s.o)
    0x0000014c   0x00000004   Code   RO          733    .ARM.Collect$$_printf_percent$$00000017  c_w.l(_printf_percent_end.o)
    0x00000150   0x00000002   Code   RO          899    .ARM.Collect$$libinit$$00000000  c_w.l(libinit.o)
    0x00000152   0x00000000   Code   RO          752    .ARM.Collect$$libinit$$00000002  c_w.l(libinit2.o)
    0x00000152   0x00000000   Code   RO          755    .ARM.Collect$$libinit$$00000008  c_w.l(libinit2.o)
    0x00000152   0x00000000   Code   RO          757    .ARM.Collect$$libinit$$0000000A  c_w.l(libinit2.o)
    0x00000152   0x00000004   Code   RO          758    .ARM.Collect$$libinit$$0000000B  c_w.l(libinit2.o)
    0x00000156   0x00000000   Code   RO          759    .ARM.Collect$$libinit$$0000000C  c_w.l(libinit2.o)
    0x00000156   0x00000000   Code   RO          762    .ARM.Collect$$libinit$$0000000F  c_w.l(libinit2.o)
    0x00000156   0x00000000   Code   RO          764    .ARM.Collect$$libinit$$00000011  c_w.l(libinit2.o)
    0x00000156   0x00000000   Code   RO          766    .ARM.Collect$$libinit$$00000013  c_w.l(libinit2.o)
    0x00000156   0x00000000   Code   RO          768    .ARM.Collect$$libinit$$00000015  c_w.l(libinit2.o)
    0x00000156   0x00000000   Code   RO          770    .ARM.Collect$$libinit$$00000017  c_w.l(libinit2.o)
    0x00000156   0x00000000   Code   RO          772    .ARM.Collect$$libinit$$00000019  c_w.l(libinit2.o)
    0x00000156   0x00000000   Code   RO          774    .ARM.Collect$$libinit$$0000001B  c_w.l(libinit2.o)
    0x00000156   0x00000000   Code   RO          776    .ARM.Collect$$libinit$$0000001D  c_w.l(libinit2.o)
    0x00000156   0x00000000   Code   RO          778    .ARM.Collect$$libinit$$0000001F  c_w.l(libinit2.o)
    0x00000156   0x00000000   Code   RO          780    .ARM.Collect$$libinit$$00000021  c_w.l(libinit2.o)
    0x00000156   0x00000000   Code   RO          782    .ARM.Collect$$libinit$$00000023  c_w.l(libinit2.o)
    0x00000156   0x00000000   Code   RO          786    .ARM.Collect$$libinit$$0000002A  c_w.l(libinit2.o)
    0x00000156   0x00000000   Code   RO          788    .ARM.Collect$$libinit$$0000002C  c_w.l(libinit2.o)
    0x00000156   0x00000000   Code   RO          790    .ARM.Collect$$libinit$$0000002E  c_w.l(libinit2.o)
    0x00000156   0x00000000   Code   RO          792    .ARM.Collect$$libinit$$00000030  c_w.l(libinit2.o)
    0x00000156   0x00000002   Code   RO          793    .ARM.Collect$$libinit$$00000031  c_w.l(libinit2.o)
    0x00000158   0x00000002   Code   RO          941    .ARM.Collect$$libshutdown$$00000000  c_w.l(libshutdown.o)
    0x0000015a   0x00000000   Code   RO          958    .ARM.Collect$$libshutdown$$00000003  c_w.l(libshutdown2.o)
    0x0000015a   0x00000000   Code   RO          961    .ARM.Collect$$libshutdown$$00000006  c_w.l(libshutdown2.o)
    0x0000015a   0x00000000   Code   RO          964    .ARM.Collect$$libshutdown$$00000009  c_w.l(libshutdown2.o)
    0x0000015a   0x00000000   Code   RO          966    .ARM.Collect$$libshutdown$$0000000B  c_w.l(libshutdown2.o)
    0x0000015a   0x00000000   Code   RO          969    .ARM.Collect$$libshutdown$$0000000E  c_w.l(libshutdown2.o)
    0x0000015a   0x00000002   Code   RO          970    .ARM.Collect$$libshutdown$$0000000F  c_w.l(libshutdown2.o)
    0x0000015c   0x00000000   Code   RO          671    .ARM.Collect$$rtentry$$00000000  c_w.l(rtentry.o)
    0x0000015c   0x00000000   Code   RO          802    .ARM.Collect$$rtentry$$00000002  c_w.l(rtentry2.o)
    0x0000015c   0x00000006   Code   RO          814    .ARM.Collect$$rtentry$$00000004  c_w.l(rtentry4.o)
    0x00000162   0x00000000   Code   RO          804    .ARM.Collect$$rtentry$$00000009  c_w.l(rtentry2.o)
    0x00000162   0x00000004   Code   RO          805    .ARM.Collect$$rtentry$$0000000A  c_w.l(rtentry2.o)
    0x00000166   0x00000000   Code   RO          807    .ARM.Collect$$rtentry$$0000000C  c_w.l(rtentry2.o)
    0x00000166   0x00000008   Code   RO          808    .ARM.Collect$$rtentry$$0000000D  c_w.l(rtentry2.o)
    0x0000016e   0x00000002   Code   RO          904    .ARM.Collect$$rtexit$$00000000  c_w.l(rtexit.o)
    0x00000170   0x00000000   Code   RO          925    .ARM.Collect$$rtexit$$00000002  c_w.l(rtexit2.o)
    0x00000170   0x00000004   Code   RO          926    .ARM.Collect$$rtexit$$00000003  c_w.l(rtexit2.o)
    0x00000174   0x00000006   Code   RO          927    .ARM.Collect$$rtexit$$00000004  c_w.l(rtexit2.o)
    0x0000017a   0x00000002   PAD
    0x0000017c   0x00000004   Code   RO          371    .emb_text           hx8352.o
    0x00000180   0x00000034   Code   RO          642    .emb_text           c_w.l(rand.o)
    0x000001b4   0x00000040   Code   RO            5    .text               startup_lpc17xx.o
    0x000001f4   0x0000007c   Code   RO          157    .text               retarget.o
    0x00000270   0x0000002c   Code   RO          599    .text               c_w.l(__2sprintf.o)
    0x0000029c   0x00000052   Code   RO          609    .text               c_w.l(_printf_str.o)
    0x000002ee   0x00000006   Code   RO          655    .text               c_w.l(heapauxi.o)
    0x000002f4   0x00000008   Code   RO          875    .text               c_w.l(libspace.o)
    0x000002fc   0x00000004   Code   RO            4    .ARM.__at_0x02FC    startup_lpc17xx.o
    0x00000300   0x000001a4   Code   RO           15    .text               system_lpc17xx.o
    0x000004a4   0x000002f0   Code   RO          189    .text               measure.o
    0x00000794   0x0000014c   Code   RO          280    .text               usbh_ohci_lpc17xx.o
    0x000008e0   0x00000aa4   Code   RO          312    .text               glcd_spi_lpc1700.o
    0x00001384   0x0000018c   Code   RO          350    .text               uart.o
    0x00001510   0x000009e0   Code   RO          372    .text               hx8352.o
    0x00001ef0   0x000000ee   Code   RO          593    .text               c_w.l(lludivv7m.o)
    0x00001fde   0x00000002   PAD
    0x00001fe0   0x0000018c   Code   RO          630    .text               c_w.l(__printf_flags_ss_wp.o)
    0x0000216c   0x0000003c   Code   RO          643    .text               c_w.l(rand.o)
    0x000021a8   0x00000058   Code   RO          647    .text               c_w.l(memcmp.o)
    0x00002200   0x0000008a   Code   RO          649    .text               c_w.l(rt_memcpy_v6.o)
    0x0000228a   0x00000044   Code   RO          651    .text               c_w.l(rt_memclr.o)
    0x000022ce   0x0000004e   Code   RO          653    .text               c_w.l(rt_memclr_w.o)
    0x0000231c   0x00000030   Code   RO          684    .text               c_w.l(_printf_char_common.o)
    0x0000234c   0x0000000a   Code   RO          686    .text               c_w.l(_sputc.o)
    0x00002356   0x0000002c   Code   RO          688    .text               c_w.l(_printf_char.o)
    0x00002382   0x00000064   Code   RO          749    .text               c_w.l(rt_memcpy_w.o)
    0x000023e6   0x0000004a   Code   RO          878    .text               c_w.l(sys_stackheap_outer.o)
    0x00002430   0x0000000c   Code   RO          882    .text               c_w.l(exit.o)
    0x0000243c   0x00000008   Code   RO          470    i.USBH0_HID0_Callback  USB_CM3.lib(usbh_hid.o)
    0x00002444   0x00000008   Code   RO          471    i.USBH0_HID1_Callback  USB_CM3.lib(usbh_hid.o)
    0x0000244c   0x00000008   Code   RO          472    i.USBH0_HID2_Callback  USB_CM3.lib(usbh_hid.o)
    0x00002454   0x00000008   Code   RO          473    i.USBH0_HID3_Callback  USB_CM3.lib(usbh_hid.o)
    0x0000245c   0x00000008   Code   RO          474    i.USBH1_HID0_Callback  USB_CM3.lib(usbh_hid.o)
    0x00002464   0x00000008   Code   RO          475    i.USBH1_HID1_Callback  USB_CM3.lib(usbh_hid.o)
    0x0000246c   0x00000008   Code   RO          476    i.USBH1_HID2_Callback  USB_CM3.lib(usbh_hid.o)
    0x00002474   0x00000008   Code   RO          477    i.USBH1_HID3_Callback  USB_CM3.lib(usbh_hid.o)
    0x0000247c   0x0000004c   Code   RO          403    i.USBH_EP0_SetAddress  USB_CM3.lib(usbh_core.o)
    0x000024c8   0x00000050   Code   RO          404    i.USBH_EP0_SetMaxPacketSize  USB_CM3.lib(usbh_core.o)
    0x00002518   0x00000068   Code   RO          405    i.USBH_EP0_Setup    USB_CM3.lib(usbh_core.o)
    0x00002580   0x00000200   Code   RO          406    i.USBH_EnumerateDevice  USB_CM3.lib(usbh_core.o)
    0x00002780   0x0000002c   Code   RO          407    i.USBH_GetClassDriverIdx  USB_CM3.lib(usbh_core.o)
    0x000027ac   0x00000074   Code   RO          409    i.USBH_GetDescriptor  USB_CM3.lib(usbh_core.o)
    0x00002820   0x00000024   Code   RO          411    i.USBH_GetLastError  USB_CM3.lib(usbh_core.o)
    0x00002844   0x00000054   Code   RO          478    i.USBH_HID_Callback  USB_CM3.lib(usbh_hid.o)
    0x00002898   0x00000174   Code   RO          479    i.USBH_HID_Config   USB_CM3.lib(usbh_hid.o)
    0x00002a0c   0x00000034   Code   RO          480    i.USBH_HID_GetLastError  USB_CM3.lib(usbh_hid.o)
    0x00002a40   0x00000140   Code   RO          481    i.USBH_HID_Init     USB_CM3.lib(usbh_hid.o)
    0x00002b80   0x00000074   Code   RO          482    i.USBH_HID_ReceOnIntIn  USB_CM3.lib(usbh_hid.o)
    0x00002bf4   0x00000080   Code   RO          483    i.USBH_HID_ReportOut  USB_CM3.lib(usbh_hid.o)
    0x00002c74   0x000000c0   Code   RO          484    i.USBH_HID_Send_Data  USB_CM3.lib(usbh_hid.o)
    0x00002d34   0x0000005a   Code   RO          485    i.USBH_HID_SetIdle  USB_CM3.lib(usbh_hid.o)
    0x00002d8e   0x00000002   PAD
    0x00002d90   0x0000001c   Code   RO          486    i.USBH_HID_SetLastError  USB_CM3.lib(usbh_hid.o)
    0x00002dac   0x0000006e   Code   RO          487    i.USBH_HID_SetReport  USB_CM3.lib(usbh_hid.o)
    0x00002e1a   0x00000002   PAD
    0x00002e1c   0x000000bc   Code   RO          488    i.USBH_HID_UnConfig  USB_CM3.lib(usbh_hid.o)
    0x00002ed8   0x00000030   Code   RO          489    i.USBH_HID_UnInit   USB_CM3.lib(usbh_hid.o)
    0x00002f08   0x0000000c   Code   RO          527    i.USBH_OHCI_Delay_ms  USB_CM3.lib(usbh_ohci.o)
    0x00002f14   0x0000001a   Code   RO          528    i.USBH_OHCI_ED_Clear  USB_CM3.lib(usbh_ohci.o)
    0x00002f2e   0x00000010   Code   RO          529    i.USBH_OHCI_ED_GetLast  USB_CM3.lib(usbh_ohci.o)
    0x00002f3e   0x00000002   PAD
    0x00002f40   0x00000090   Code   RO          530    i.USBH_OHCI_ED_IntFindSlot  USB_CM3.lib(usbh_ohci.o)
    0x00002fd0   0x0000009c   Code   RO          531    i.USBH_OHCI_ED_Start  USB_CM3.lib(usbh_ohci.o)
    0x0000306c   0x000000a8   Code   RO          532    i.USBH_OHCI_ED_Stop  USB_CM3.lib(usbh_ohci.o)
    0x00003114   0x00000144   Code   RO          533    i.USBH_OHCI_EP_Add  USB_CM3.lib(usbh_ohci.o)
    0x00003258   0x00000098   Code   RO          534    i.USBH_OHCI_EP_Config  USB_CM3.lib(usbh_ohci.o)
    0x000032f0   0x00000188   Code   RO          535    i.USBH_OHCI_EP_Remove  USB_CM3.lib(usbh_ohci.o)
    0x00003478   0x0000000c   Code   RO          536    i.USBH_OHCI_Get_Capabilities  USB_CM3.lib(usbh_ohci.o)
    0x00003484   0x0000008c   Code   RO          537    i.USBH_OHCI_Get_Connect  USB_CM3.lib(usbh_ohci.o)
    0x00003510   0x0000000c   Code   RO          538    i.USBH_OHCI_Get_Speed  USB_CM3.lib(usbh_ohci.o)
    0x0000351c   0x000001ac   Code   RO          539    i.USBH_OHCI_IRQHandler  USB_CM3.lib(usbh_ohci.o)
    0x000036c8   0x000001bc   Code   RO          540    i.USBH_OHCI_Init    USB_CM3.lib(usbh_ohci.o)
    0x00003884   0x00000014   Code   RO          541    i.USBH_OHCI_Pins_Config  USB_CM3.lib(usbh_ohci.o)
    0x00003898   0x00000038   Code   RO          542    i.USBH_OHCI_Port_Power  USB_CM3.lib(usbh_ohci.o)
    0x000038d0   0x00000048   Code   RO          543    i.USBH_OHCI_Port_Reset  USB_CM3.lib(usbh_ohci.o)
    0x00003918   0x0000000e   Code   RO          544    i.USBH_OHCI_TDURB_Clear  USB_CM3.lib(usbh_ohci.o)
    0x00003926   0x00000002   PAD
    0x00003928   0x00000038   Code   RO          545    i.USBH_OHCI_TDURB_FindTD  USB_CM3.lib(usbh_ohci.o)
    0x00003960   0x00000034   Code   RO          546    i.USBH_OHCI_TDURB_FindURB  USB_CM3.lib(usbh_ohci.o)
    0x00003994   0x00000030   Code   RO          547    i.USBH_OHCI_TDURB_GetFree  USB_CM3.lib(usbh_ohci.o)
    0x000039c4   0x00000012   Code   RO          548    i.USBH_OHCI_TD_Clear  USB_CM3.lib(usbh_ohci.o)
    0x000039d6   0x00000002   PAD
    0x000039d8   0x00000054   Code   RO          549    i.USBH_OHCI_TD_Dequeue  USB_CM3.lib(usbh_ohci.o)
    0x00003a2c   0x000000bc   Code   RO          550    i.USBH_OHCI_TD_Enqueue  USB_CM3.lib(usbh_ohci.o)
    0x00003ae8   0x00000064   Code   RO          551    i.USBH_OHCI_URB_Cancel  USB_CM3.lib(usbh_ohci.o)
    0x00003b4c   0x00000054   Code   RO          552    i.USBH_OHCI_URB_Submit  USB_CM3.lib(usbh_ohci.o)
    0x00003ba0   0x000000c8   Code   RO          413    i.USBH_Rece_Data    USB_CM3.lib(usbh_core.o)
    0x00003c68   0x000000c8   Code   RO          414    i.USBH_Send_Data    USB_CM3.lib(usbh_core.o)
    0x00003d30   0x00000080   Code   RO          415    i.USBH_Send_Setup   USB_CM3.lib(usbh_core.o)
    0x00003db0   0x00000046   Code   RO          416    i.USBH_SetAddress   USB_CM3.lib(usbh_core.o)
    0x00003df6   0x00000046   Code   RO          417    i.USBH_SetConfiguration  USB_CM3.lib(usbh_core.o)
    0x00003e3c   0x00000014   Code   RO          421    i.USBH_SetLastError  USB_CM3.lib(usbh_core.o)
    0x00003e50   0x000001f0   Code   RO          423    i.USBH_UninitDevices  USB_CM3.lib(usbh_core.o)
    0x00004040   0x0000000e   Code   RO          623    i._is_digit         c_w.l(__printf_wp.o)
    0x0000404e   0x00000002   PAD
    0x00004050   0x00000150   Code   RO          424    i.usbh_engine       USB_CM3.lib(usbh_core.o)
    0x000041a0   0x00000040   Code   RO          491    i.usbh_hid_data_in_callback  USB_CM3.lib(usbh_hid.o)
    0x000041e0   0x00000038   Code   RO          492    i.usbh_hid_data_out  USB_CM3.lib(usbh_hid.o)
    0x00004218   0x000000dc   Code   RO          494    i.usbh_hid_kbd_getkey  USB_CM3.lib(usbh_hid.o)
    0x000042f4   0x00000002   Code   RO          496    i.usbh_hid_parse_report_desc  USB_CM3.lib(usbh_hid.o)
    0x000042f6   0x00000002   PAD
    0x000042f8   0x00000050   Code   RO          497    i.usbh_hid_status   USB_CM3.lib(usbh_hid.o)
    0x00004348   0x00000068   Code   RO          428    i.usbh_init         USB_CM3.lib(usbh_core.o)
    0x000043b0   0x00000020   Code   RO          430    i.usbh_mem_alloc    USB_CM3.lib(usbh_core.o)
    0x000043d0   0x00000044   Code   RO          582    i.usbh_mem_alloc_lib  USB_CM3.lib(usbh_mem.o)
    0x00004414   0x0000001a   Code   RO          431    i.usbh_mem_free     USB_CM3.lib(usbh_core.o)
    0x0000442e   0x00000002   PAD
    0x00004430   0x0000003c   Code   RO          583    i.usbh_mem_free_lib  USB_CM3.lib(usbh_mem.o)
    0x0000446c   0x0000001a   Code   RO          432    i.usbh_mem_init     USB_CM3.lib(usbh_core.o)
    0x00004486   0x00000002   PAD
    0x00004488   0x00000040   Code   RO          584    i.usbh_mem_init_lib  USB_CM3.lib(usbh_mem.o)
    0x000044c8   0x000000bc   Code   RO          433    i.usbh_transfer     USB_CM3.lib(usbh_core.o)
    0x00004584   0x00000001   Data   RO           59    .constdata          usb_config.o
    0x00004585   0x00000001   Data   RO           60    .constdata          usb_config.o
    0x00004586   0x00000001   Data   RO           63    .constdata          usb_config.o
    0x00004587   0x00000001   Data   RO           64    .constdata          usb_config.o
    0x00004588   0x00000001   Data   RO           65    .constdata          usb_config.o
    0x00004589   0x00000001   Data   RO           66    .constdata          usb_config.o
    0x0000458a   0x00000002   PAD
    0x0000458c   0x0000000c   Data   RO          192    .constdata          measure.o
    0x00004598   0x00001880   Data   RO          313    .constdata          glcd_spi_lpc1700.o
    0x00005e18   0x00000a64   Data   RO          373    .constdata          hx8352.o
    0x0000687c   0x00000020   Data   RO          553    .constdata          USB_CM3.lib(usbh_ohci.o)
    0x0000689c   0x00000100   Data   RO          589    .constdata          USB_CM3.lib(usbh_hid_idtoascii.o)
    0x0000699c   0x00000039   Data   RO          590    .constdata          USB_CM3.lib(usbh_hid_idtoascii.o)
    0x000069d5   0x00000011   Data   RO          631    .constdata          c_w.l(__printf_flags_ss_wp.o)
    0x000069e6   0x00000002   PAD
    0x000069e8   0x00000020   Data   RO          971    Region$$Table       anon$$obj.o


    Execution Region RW_IRAM1 (Base: 0x10000000, Size: 0x00001390, Max: 0x00008000, ABSOLUTE)

    Base Addr    Size         Type   Attr      Idx    E Section Name        Object

    0x10000000   0x00000004   Data   RW           16    .data               system_lpc17xx.o
    0x10000004   0x00000004   Data   RW           67    .data               usb_config.o
    0x10000008   0x00000004   Data   RW           68    .data               usb_config.o
    0x1000000c   0x00000004   Data   RW           69    .data               usb_config.o
    0x10000010   0x0000000c   Data   RW           70    .data               usb_config.o
    0x1000001c   0x0000000c   Data   RW          158    .data               retarget.o
    0x10000028   0x00000024   Data   RW          193    .data               measure.o
    0x1000004c   0x00000040   Data   RW          286    .data               usbh_ohci_lpc17xx.o
    0x1000008c   0x0000000c   Data   RW          314    .data               glcd_spi_lpc1700.o
    0x10000098   0x0000000a   Data   RW          374    .data               hx8352.o
    0x100000a2   0x00000002   PAD
    0x100000a4   0x00000018   Data   RW          498    .data               USB_CM3.lib(usbh_hid.o)
    0x100000bc   0x00000034   Data   RW          554    .data               USB_CM3.lib(usbh_ohci.o)
    0x100000f0   0x00000010   Data   RW          555    .data               USB_CM3.lib(usbh_ohci.o)
    0x10000100   0x00000010   Data   RW          585    .data               USB_CM3.lib(usbh_mem.o)
    0x10000110   0x00000028   Zero   RW           56    .bss                usb_config.o
    0x10000138   0x00000010   Zero   RW           57    .bss                usb_config.o
    0x10000148   0x00000050   Zero   RW           58    .bss                usb_config.o
    0x10000198   0x000000a0   Zero   RW          190    .bss                measure.o
    0x10000238   0x00000010   Zero   RW          285    .bss                usbh_ohci_lpc17xx.o
    0x10000248   0x000000e4   Zero   RW          644    .bss                c_w.l(rand.o)
    0x1000032c   0x00000060   Zero   RW          876    .bss                c_w.l(libspace.o)
    0x1000038c   0x00000004   PAD
    0x10000390   0x00000800   Zero   RW            2    HEAP                startup_lpc17xx.o
    0x10000b90   0x00000800   Zero   RW            1    STACK               startup_lpc17xx.o



  Load Region LR$$.ARM.__AT_0x20080000 (Base: 0x20080000, Size: 0x00000000, Max: 0x00000100, ABSOLUTE)

    Execution Region ER$$.ARM.__AT_0x20080000 (Base: 0x20080000, Size: 0x00000100, Max: 0x00000100, ABSOLUTE, UNINIT)

    Base Addr    Size         Type   Attr      Idx    E Section Name        Object

    0x20080000   0x00000100   Zero   RW          281    .ARM.__AT_0x20080000  usbh_ohci_lpc17xx.o



  Load Region LR$$.ARM.__AT_0x20080100 (Base: 0x20080100, Size: 0x00000000, Max: 0x00000020, ABSOLUTE)

    Execution Region ER$$.ARM.__AT_0x20080100 (Base: 0x20080100, Size: 0x00000020, Max: 0x00000020, ABSOLUTE, UNINIT)

    Base Addr    Size         Type   Attr      Idx    E Section Name        Object

    0x20080100   0x00000020   Zero   RW          282    .ARM.__AT_0x20080100  usbh_ohci_lpc17xx.o



  Load Region LR$$.ARM.__AT_0x20080120 (Base: 0x20080120, Size: 0x00000000, Max: 0x00000020, ABSOLUTE)

    Execution Region ER$$.ARM.__AT_0x20080120 (Base: 0x20080120, Size: 0x00000020, Max: 0x00000020, ABSOLUTE, UNINIT)

    Base Addr    Size         Type   Attr      Idx    E Section Name        Object

    0x20080120   0x00000020   Zero   RW          283    .ARM.__AT_0x20080120  usbh_ohci_lpc17xx.o



  Load Region LR$$.ARM.__AT_0x20080140 (Base: 0x20080140, Size: 0x00000000, Max: 0x00000094, ABSOLUTE)

    Execution Region ER$$.ARM.__AT_0x20080140 (Base: 0x20080140, Size: 0x00000094, Max: 0x00000094, ABSOLUTE, UNINIT)

    Base Addr    Size         Type   Attr      Idx    E Section Name        Object

    0x20080140   0x00000094   Zero   RW          284    .ARM.__AT_0x20080140  usbh_ohci_lpc17xx.o


==============================================================================

Image component sizes


      Code (inc. data)   RO Data    RW Data    ZI Data      Debug   Object Name

      2724         48       6272         12          0       7902   glcd_spi_lpc1700.o
      2532         38       2660         10          0       7987   hx8352.o
       752        100         12         36        160      28466   measure.o
       124          4          0         12          0       2759   retarget.o
        68         30        204          0       4096        888   startup_lpc17xx.o
       420         32          0          4          0      21809   system_lpc17xx.o
       396         18          0          0          0       2280   uart.o
         0          0          6         24        136      21231   usb_config.o
       332         36          0         64        484      27245   usbh_ohci_lpc17xx.o

    ----------------------------------------------------------------------
      7348        306       9188        164       4876     120567   Object Totals
         0          0         32          0          0          0   (incl. Generated)
         0          0          2          2          0          0   (incl. Padding)

    ----------------------------------------------------------------------

      Code (inc. data)   RO Data    RW Data    ZI Data      Debug   Library Member Name

      2864        138          0          0          0       1668   usbh_core.o
      2214        216          0         24          0       1964   usbh_hid.o
         0          0        313          0          0          0   usbh_hid_idtoascii.o
       192         18          0         16          0        232   usbh_mem.o
      3218        134         32         68          0       2016   usbh_ohci.o
        44          6          0          0          0         84   __2sprintf.o
         8          0          0          0          0         68   __main.o
       396          6         17          0          0         92   __printf_flags_ss_wp.o
        14          0          0          0          0         68   __printf_wp.o
        52          8          0          0          0          0   __scatter.o
        26          0          0          0          0          0   __scatter_copy.o
        28          0          0          0          0          0   __scatter_zi.o
         6          0          0          0          0          0   _printf_c.o
        44          0          0          0          0        108   _printf_char.o
        48          6          0          0          0         96   _printf_char_common.o
         0          0          0          0          0          0   _printf_percent.o
         4          0          0          0          0          0   _printf_percent_end.o
         6          0          0          0          0          0   _printf_s.o
        82          0          0          0          0         80   _printf_str.o
        10          0          0          0          0         68   _sputc.o
        12          0          0          0          0         72   exit.o
         6          0          0          0          0        152   heapauxi.o
         2          0          0          0          0          0   libinit.o
         6          0          0          0          0          0   libinit2.o
         2          0          0          0          0          0   libshutdown.o
         2          0          0          0          0          0   libshutdown2.o
         8          4          0          0         96         68   libspace.o
       238          0          0          0          0        100   lludivv7m.o
        88          0          0          0          0         76   memcmp.o
       112         18          0          0        228        160   rand.o
        68          0          0          0          0         68   rt_memclr.o
        78          0          0          0          0         80   rt_memclr_w.o
       138          0          0          0          0         68   rt_memcpy_v6.o
       100          0          0          0          0         80   rt_memcpy_w.o
         0          0          0          0          0          0   rtentry.o
        12          0          0          0          0          0   rtentry2.o
         6          0          0          0          0          0   rtentry4.o
         2          0          0          0          0          0   rtexit.o
        10          0          0          0          0          0   rtexit2.o
        74          0          0          0          0         80   sys_stackheap_outer.o

    ----------------------------------------------------------------------
     10244        554        364        108        328       7548   Library Totals
        24          0          2          0          4          0   (incl. Padding)

    ----------------------------------------------------------------------

      Code (inc. data)   RO Data    RW Data    ZI Data      Debug   Library Name

      8488        506        345        108          0       5880   USB_CM3.lib
      1732         48         17          0        324       1668   c_w.l

    ----------------------------------------------------------------------
     10244        554        364        108        328       7548   Library Totals

    ----------------------------------------------------------------------

==============================================================================


      Code (inc. data)   RO Data    RW Data    ZI Data      Debug   

     17592        860       9552        272       5204     122447   Grand Totals
     17592        860       9552        272       5204     122447   ELF Image Totals
     17592        860       9552        272          0          0   ROM Totals

==============================================================================

    Total RO  Size (Code + RO Data)                27144 (  26.51kB)
    Total RW  Size (RW Data + ZI Data)              5476 (   5.35kB)
    Total ROM Size (Code + RO Data + RW Data)      27416 (  26.77kB)

==============================================================================

